[Sun Jun 18 16:15:44 2023] Linux version 5.15.0-75-generic (buildd@bos03-amd64-059) (gcc (Ubuntu 11.3.0-1ubuntu1~22.04.1) 11.3.0, GNU ld (GNU Binutils for Ubuntu) 2.38) #82-Ubuntu SMP Tue Jun 6 23:10:23 UTC 2023 (Ubuntu 5.15.0-75.82-generic 5.15.99)
[Sun Jun 18 16:15:44 2023] Command line: BOOT_IMAGE=/vmlinuz-5.15.0-75-generic root=/dev/mapper/ubuntu--lvm-root ro
[Sun Jun 18 16:15:44 2023] KERNEL supported cpus:
[Sun Jun 18 16:15:44 2023]   Intel GenuineIntel
[Sun Jun 18 16:15:44 2023]   AMD AuthenticAMD
[Sun Jun 18 16:15:44 2023]   Hygon HygonGenuine
[Sun Jun 18 16:15:44 2023]   Centaur CentaurHauls
[Sun Jun 18 16:15:44 2023]   zhaoxin   Shanghai  
[Sun Jun 18 16:15:44 2023] Disabled fast string operations
[Sun Jun 18 16:15:44 2023] x86/fpu: Supporting XSAVE feature 0x001: 'x87 floating point registers'
[Sun Jun 18 16:15:44 2023] x86/fpu: Supporting XSAVE feature 0x002: 'SSE registers'
[Sun Jun 18 16:15:44 2023] x86/fpu: Supporting XSAVE feature 0x004: 'AVX registers'
[Sun Jun 18 16:15:44 2023] x86/fpu: xstate_offset[2]:  576, xstate_sizes[2]:  256
[Sun Jun 18 16:15:44 2023] x86/fpu: Enabled xstate features 0x7, context size is 832 bytes, using 'compacted' format.
[Sun Jun 18 16:15:44 2023] signal: max sigframe size: 1776
[Sun Jun 18 16:15:44 2023] BIOS-provided physical RAM map:
[Sun Jun 18 16:15:44 2023] BIOS-e820: [mem 0x0000000000000000-0x0000000000000fff] ACPI NVS
[Sun Jun 18 16:15:44 2023] BIOS-e820: [mem 0x0000000000001000-0x0000000000001fff] reserved
[Sun Jun 18 16:15:44 2023] BIOS-e820: [mem 0x0000000000002000-0x000000000009ffff] usable
[Sun Jun 18 16:15:44 2023] BIOS-e820: [mem 0x00000000000c0000-0x00000000000fffff] reserved
[Sun Jun 18 16:15:44 2023] BIOS-e820: [mem 0x0000000000100000-0x000000000e02efff] usable
[Sun Jun 18 16:15:44 2023] BIOS-e820: [mem 0x000000000e02f000-0x000000000e04bfff] ACPI data
[Sun Jun 18 16:15:44 2023] BIOS-e820: [mem 0x000000000e04c000-0x000000000e04efff] usable
[Sun Jun 18 16:15:44 2023] BIOS-e820: [mem 0x000000000e04f000-0x000000000e054fff] ACPI NVS
[Sun Jun 18 16:15:44 2023] BIOS-e820: [mem 0x000000000e055000-0x000000000fb6efff] usable
[Sun Jun 18 16:15:44 2023] BIOS-e820: [mem 0x000000000fb6f000-0x000000000fbdefff] reserved
[Sun Jun 18 16:15:44 2023] BIOS-e820: [mem 0x000000000fbdf000-0x000000000fbfafff] ACPI data
[Sun Jun 18 16:15:44 2023] BIOS-e820: [mem 0x000000000fbfb000-0x000000000fbfefff] ACPI NVS
[Sun Jun 18 16:15:44 2023] BIOS-e820: [mem 0x000000000fbff000-0x00000000bfffffff] usable
[Sun Jun 18 16:15:44 2023] BIOS-e820: [mem 0x00000000ffc00000-0x00000000ffc29fff] reserved
[Sun Jun 18 16:15:44 2023] BIOS-e820: [mem 0x0000000100000000-0x000000017affffff] usable
[Sun Jun 18 16:15:44 2023] NX (Execute Disable) protection: active
[Sun Jun 18 16:15:44 2023] e820: update [mem 0x06c70018-0x06c78057] usable ==> usable
[Sun Jun 18 16:15:44 2023] e820: update [mem 0x06c70018-0x06c78057] usable ==> usable
[Sun Jun 18 16:15:44 2023] e820: update [mem 0x06c6d018-0x06c6f057] usable ==> usable
[Sun Jun 18 16:15:44 2023] e820: update [mem 0x06c6d018-0x06c6f057] usable ==> usable
[Sun Jun 18 16:15:44 2023] e820: update [mem 0x06c6b018-0x06c6c857] usable ==> usable
[Sun Jun 18 16:15:44 2023] e820: update [mem 0x06c6b018-0x06c6c857] usable ==> usable
[Sun Jun 18 16:15:44 2023] e820: update [mem 0x06c68018-0x06c6a057] usable ==> usable
[Sun Jun 18 16:15:44 2023] e820: update [mem 0x06c68018-0x06c6a057] usable ==> usable
[Sun Jun 18 16:15:44 2023] extended physical RAM map:
[Sun Jun 18 16:15:44 2023] reserve setup_data: [mem 0x0000000000000000-0x0000000000000fff] ACPI NVS
[Sun Jun 18 16:15:44 2023] reserve setup_data: [mem 0x0000000000001000-0x0000000000001fff] reserved
[Sun Jun 18 16:15:44 2023] reserve setup_data: [mem 0x0000000000002000-0x000000000009ffff] usable
[Sun Jun 18 16:15:44 2023] reserve setup_data: [mem 0x00000000000c0000-0x00000000000fffff] reserved
[Sun Jun 18 16:15:44 2023] reserve setup_data: [mem 0x0000000000100000-0x0000000006c68017] usable
[Sun Jun 18 16:15:44 2023] reserve setup_data: [mem 0x0000000006c68018-0x0000000006c6a057] usable
[Sun Jun 18 16:15:44 2023] reserve setup_data: [mem 0x0000000006c6a058-0x0000000006c6b017] usable
[Sun Jun 18 16:15:44 2023] reserve setup_data: [mem 0x0000000006c6b018-0x0000000006c6c857] usable
[Sun Jun 18 16:15:44 2023] reserve setup_data: [mem 0x0000000006c6c858-0x0000000006c6d017] usable
[Sun Jun 18 16:15:44 2023] reserve setup_data: [mem 0x0000000006c6d018-0x0000000006c6f057] usable
[Sun Jun 18 16:15:44 2023] reserve setup_data: [mem 0x0000000006c6f058-0x0000000006c70017] usable
[Sun Jun 18 16:15:44 2023] reserve setup_data: [mem 0x0000000006c70018-0x0000000006c78057] usable
[Sun Jun 18 16:15:44 2023] reserve setup_data: [mem 0x0000000006c78058-0x000000000e02efff] usable
[Sun Jun 18 16:15:44 2023] reserve setup_data: [mem 0x000000000e02f000-0x000000000e04bfff] ACPI data
[Sun Jun 18 16:15:44 2023] reserve setup_data: [mem 0x000000000e04c000-0x000000000e04efff] usable
[Sun Jun 18 16:15:44 2023] reserve setup_data: [mem 0x000000000e04f000-0x000000000e054fff] ACPI NVS
[Sun Jun 18 16:15:44 2023] reserve setup_data: [mem 0x000000000e055000-0x000000000fb6efff] usable
[Sun Jun 18 16:15:44 2023] reserve setup_data: [mem 0x000000000fb6f000-0x000000000fbdefff] reserved
[Sun Jun 18 16:15:44 2023] reserve setup_data: [mem 0x000000000fbdf000-0x000000000fbfafff] ACPI data
[Sun Jun 18 16:15:44 2023] reserve setup_data: [mem 0x000000000fbfb000-0x000000000fbfefff] ACPI NVS
[Sun Jun 18 16:15:44 2023] reserve setup_data: [mem 0x000000000fbff000-0x00000000bfffffff] usable
[Sun Jun 18 16:15:44 2023] reserve setup_data: [mem 0x00000000ffc00000-0x00000000ffc29fff] reserved
[Sun Jun 18 16:15:44 2023] reserve setup_data: [mem 0x0000000100000000-0x000000017affffff] usable
[Sun Jun 18 16:15:44 2023] efi: EFI v2.70 by VMware, Inc.
[Sun Jun 18 16:15:44 2023] efi: SMBIOS=0xe04f000 MEMATTR=0xf860518 ACPI 2.0=0xe02f000 MOKvar=0xfbce000 RNG=0xfbfa018 
[Sun Jun 18 16:15:44 2023] random: crng init done
[Sun Jun 18 16:15:44 2023] secureboot: Secure boot disabled
[Sun Jun 18 16:15:44 2023] SMBIOS 2.7 present.
[Sun Jun 18 16:15:44 2023] DMI: VMware, Inc. VMware20,1/440BX Desktop Reference Platform, BIOS VMW201.00V.20648489.B64.2210180829 10/18/2022
[Sun Jun 18 16:15:44 2023] vmware: hypercall mode: 0x02
[Sun Jun 18 16:15:44 2023] Hypervisor detected: VMware
[Sun Jun 18 16:15:44 2023] vmware: TSC freq read from hypervisor : 2400.017 MHz
[Sun Jun 18 16:15:44 2023] vmware: Host bus clock speed read from hypervisor : 66000000 Hz
[Sun Jun 18 16:15:44 2023] vmware: using clock offset of 7558188323 ns
[Sun Jun 18 16:15:44 2023] tsc: Detected 2400.017 MHz processor
[Sun Jun 18 16:15:44 2023] e820: update [mem 0x00000000-0x00000fff] usable ==> reserved
[Sun Jun 18 16:15:44 2023] e820: remove [mem 0x000a0000-0x000fffff] usable
[Sun Jun 18 16:15:44 2023] last_pfn = 0x17b000 max_arch_pfn = 0x400000000
[Sun Jun 18 16:15:44 2023] x86/PAT: Configuration [0-7]: WB  WC  UC- UC  WB  WP  UC- WT  
[Sun Jun 18 16:15:44 2023] total RAM covered: 130048M
[Sun Jun 18 16:15:44 2023] Found optimal setting for mtrr clean up
[Sun Jun 18 16:15:44 2023]  gran_size: 64K 	chunk_size: 64K 	num_reg: 7  	lose cover RAM: 0G
[Sun Jun 18 16:15:44 2023] e820: update [mem 0xc0000000-0xffffffff] usable ==> reserved
[Sun Jun 18 16:15:44 2023] last_pfn = 0xc0000 max_arch_pfn = 0x400000000
[Sun Jun 18 16:15:44 2023] Using GB pages for direct mapping
[Sun Jun 18 16:15:44 2023] secureboot: Secure boot disabled
[Sun Jun 18 16:15:44 2023] RAMDISK: [mem 0x06c79000-0x0d5ddfff]
[Sun Jun 18 16:15:44 2023] ACPI: Early table checksum verification disabled
[Sun Jun 18 16:15:44 2023] ACPI: RSDP 0x000000000E02F000 000024 (v02 VMWARE)
[Sun Jun 18 16:15:44 2023] ACPI: XSDT 0x000000000E02F064 00005C (v01 INTEL  440BX    06040000 VMW  01324272)
[Sun Jun 18 16:15:44 2023] ACPI: SRAT 0x000000000E02F0C0 0008D0 (v03 VMWARE EFISRAT  06040001 VMW  000007CE)
[Sun Jun 18 16:15:44 2023] ACPI: FACP 0x000000000E04ACDD 0000F4 (v04 INTEL  440BX    06040000 PTL  000F4240)
[Sun Jun 18 16:15:44 2023] ACPI: DSDT 0x000000000E02F990 01B34D (v01 PTLTD  Custom   00000000 INTL 20130823)
[Sun Jun 18 16:15:44 2023] ACPI: FACS 0x000000000FBFE000 000040
[Sun Jun 18 16:15:44 2023] ACPI: FACS 0x000000000FBFE000 000040
[Sun Jun 18 16:15:44 2023] ACPI: APIC 0x000000000E04B000 000742 (v03 VMWARE EFIAPIC  06040001 VMW  000007CE)
[Sun Jun 18 16:15:44 2023] ACPI: MCFG 0x000000000E04B742 00003C (v01 VMWARE EFIMCFG  06040001 VMW  000007CE)
[Sun Jun 18 16:15:44 2023] ACPI: HPET 0x000000000E04B77E 000038 (v01 VMWARE VMW HPET 00000000 VMW  00000000)
[Sun Jun 18 16:15:44 2023] ACPI: WAET 0x000000000E04B7B6 000028 (v01 VMWARE VMW WAET 06040001 VMW  00000001)
[Sun Jun 18 16:15:44 2023] ACPI: WSMT 0x000000000E04B7DE 000028 (v01 VMWARE VMW WSMT 06040001 VMW  00000001)
[Sun Jun 18 16:15:44 2023] ACPI: Reserving SRAT table memory at [mem 0xe02f0c0-0xe02f98f]
[Sun Jun 18 16:15:44 2023] ACPI: Reserving FACP table memory at [mem 0xe04acdd-0xe04add0]
[Sun Jun 18 16:15:44 2023] ACPI: Reserving DSDT table memory at [mem 0xe02f990-0xe04acdc]
[Sun Jun 18 16:15:44 2023] ACPI: Reserving FACS table memory at [mem 0xfbfe000-0xfbfe03f]
[Sun Jun 18 16:15:44 2023] ACPI: Reserving FACS table memory at [mem 0xfbfe000-0xfbfe03f]
[Sun Jun 18 16:15:44 2023] ACPI: Reserving APIC table memory at [mem 0xe04b000-0xe04b741]
[Sun Jun 18 16:15:44 2023] ACPI: Reserving MCFG table memory at [mem 0xe04b742-0xe04b77d]
[Sun Jun 18 16:15:44 2023] ACPI: Reserving HPET table memory at [mem 0xe04b77e-0xe04b7b5]
[Sun Jun 18 16:15:44 2023] ACPI: Reserving WAET table memory at [mem 0xe04b7b6-0xe04b7dd]
[Sun Jun 18 16:15:44 2023] ACPI: Reserving WSMT table memory at [mem 0xe04b7de-0xe04b805]
[Sun Jun 18 16:15:44 2023] system APIC only can use physical flat
[Sun Jun 18 16:15:44 2023] Setting APIC routing to physical flat.
[Sun Jun 18 16:15:44 2023] SRAT: PXM 0 -> APIC 0x00 -> Node 0
[Sun Jun 18 16:15:44 2023] SRAT: PXM 0 -> APIC 0x02 -> Node 0
[Sun Jun 18 16:15:44 2023] SRAT: PXM 0 -> APIC 0x04 -> Node 0
[Sun Jun 18 16:15:44 2023] SRAT: PXM 0 -> APIC 0x06 -> Node 0
[Sun Jun 18 16:15:44 2023] SRAT: PXM 0 -> APIC 0x08 -> Node 0
[Sun Jun 18 16:15:44 2023] SRAT: PXM 0 -> APIC 0x0a -> Node 0
[Sun Jun 18 16:15:44 2023] SRAT: PXM 0 -> APIC 0x0c -> Node 0
[Sun Jun 18 16:15:44 2023] SRAT: PXM 0 -> APIC 0x0e -> Node 0
[Sun Jun 18 16:15:44 2023] SRAT: PXM 0 -> APIC 0x10 -> Node 0
[Sun Jun 18 16:15:44 2023] SRAT: PXM 0 -> APIC 0x12 -> Node 0
[Sun Jun 18 16:15:44 2023] SRAT: PXM 0 -> APIC 0x14 -> Node 0
[Sun Jun 18 16:15:44 2023] SRAT: PXM 0 -> APIC 0x16 -> Node 0
[Sun Jun 18 16:15:44 2023] SRAT: PXM 0 -> APIC 0x18 -> Node 0
[Sun Jun 18 16:15:44 2023] SRAT: PXM 0 -> APIC 0x1a -> Node 0
[Sun Jun 18 16:15:44 2023] SRAT: PXM 0 -> APIC 0x1c -> Node 0
[Sun Jun 18 16:15:44 2023] SRAT: PXM 0 -> APIC 0x1e -> Node 0
[Sun Jun 18 16:15:44 2023] SRAT: PXM 0 -> APIC 0x20 -> Node 0
[Sun Jun 18 16:15:44 2023] SRAT: PXM 0 -> APIC 0x22 -> Node 0
[Sun Jun 18 16:15:44 2023] SRAT: PXM 0 -> APIC 0x24 -> Node 0
[Sun Jun 18 16:15:44 2023] SRAT: PXM 0 -> APIC 0x26 -> Node 0
[Sun Jun 18 16:15:44 2023] SRAT: PXM 0 -> APIC 0x28 -> Node 0
[Sun Jun 18 16:15:44 2023] SRAT: PXM 0 -> APIC 0x2a -> Node 0
[Sun Jun 18 16:15:44 2023] SRAT: PXM 0 -> APIC 0x2c -> Node 0
[Sun Jun 18 16:15:44 2023] SRAT: PXM 0 -> APIC 0x2e -> Node 0
[Sun Jun 18 16:15:44 2023] SRAT: PXM 0 -> APIC 0x30 -> Node 0
[Sun Jun 18 16:15:44 2023] SRAT: PXM 0 -> APIC 0x32 -> Node 0
[Sun Jun 18 16:15:44 2023] SRAT: PXM 0 -> APIC 0x34 -> Node 0
[Sun Jun 18 16:15:44 2023] SRAT: PXM 0 -> APIC 0x36 -> Node 0
[Sun Jun 18 16:15:44 2023] SRAT: PXM 0 -> APIC 0x38 -> Node 0
[Sun Jun 18 16:15:44 2023] SRAT: PXM 0 -> APIC 0x3a -> Node 0
[Sun Jun 18 16:15:44 2023] SRAT: PXM 0 -> APIC 0x3c -> Node 0
[Sun Jun 18 16:15:44 2023] SRAT: PXM 0 -> APIC 0x3e -> Node 0
[Sun Jun 18 16:15:44 2023] SRAT: PXM 0 -> APIC 0x40 -> Node 0
[Sun Jun 18 16:15:44 2023] SRAT: PXM 0 -> APIC 0x42 -> Node 0
[Sun Jun 18 16:15:44 2023] SRAT: PXM 0 -> APIC 0x44 -> Node 0
[Sun Jun 18 16:15:44 2023] SRAT: PXM 0 -> APIC 0x46 -> Node 0
[Sun Jun 18 16:15:44 2023] SRAT: PXM 0 -> APIC 0x48 -> Node 0
[Sun Jun 18 16:15:44 2023] SRAT: PXM 0 -> APIC 0x4a -> Node 0
[Sun Jun 18 16:15:44 2023] SRAT: PXM 0 -> APIC 0x4c -> Node 0
[Sun Jun 18 16:15:44 2023] SRAT: PXM 0 -> APIC 0x4e -> Node 0
[Sun Jun 18 16:15:44 2023] SRAT: PXM 0 -> APIC 0x50 -> Node 0
[Sun Jun 18 16:15:44 2023] SRAT: PXM 0 -> APIC 0x52 -> Node 0
[Sun Jun 18 16:15:44 2023] SRAT: PXM 0 -> APIC 0x54 -> Node 0
[Sun Jun 18 16:15:44 2023] SRAT: PXM 0 -> APIC 0x56 -> Node 0
[Sun Jun 18 16:15:44 2023] SRAT: PXM 0 -> APIC 0x58 -> Node 0
[Sun Jun 18 16:15:44 2023] SRAT: PXM 0 -> APIC 0x5a -> Node 0
[Sun Jun 18 16:15:44 2023] SRAT: PXM 0 -> APIC 0x5c -> Node 0
[Sun Jun 18 16:15:44 2023] SRAT: PXM 0 -> APIC 0x5e -> Node 0
[Sun Jun 18 16:15:44 2023] SRAT: PXM 0 -> APIC 0x60 -> Node 0
[Sun Jun 18 16:15:44 2023] SRAT: PXM 0 -> APIC 0x62 -> Node 0
[Sun Jun 18 16:15:44 2023] SRAT: PXM 0 -> APIC 0x64 -> Node 0
[Sun Jun 18 16:15:44 2023] SRAT: PXM 0 -> APIC 0x66 -> Node 0
[Sun Jun 18 16:15:44 2023] SRAT: PXM 0 -> APIC 0x68 -> Node 0
[Sun Jun 18 16:15:44 2023] SRAT: PXM 0 -> APIC 0x6a -> Node 0
[Sun Jun 18 16:15:44 2023] SRAT: PXM 0 -> APIC 0x6c -> Node 0
[Sun Jun 18 16:15:44 2023] SRAT: PXM 0 -> APIC 0x6e -> Node 0
[Sun Jun 18 16:15:44 2023] SRAT: PXM 0 -> APIC 0x70 -> Node 0
[Sun Jun 18 16:15:44 2023] SRAT: PXM 0 -> APIC 0x72 -> Node 0
[Sun Jun 18 16:15:44 2023] SRAT: PXM 0 -> APIC 0x74 -> Node 0
[Sun Jun 18 16:15:44 2023] SRAT: PXM 0 -> APIC 0x76 -> Node 0
[Sun Jun 18 16:15:44 2023] SRAT: PXM 0 -> APIC 0x78 -> Node 0
[Sun Jun 18 16:15:44 2023] SRAT: PXM 0 -> APIC 0x7a -> Node 0
[Sun Jun 18 16:15:44 2023] SRAT: PXM 0 -> APIC 0x7c -> Node 0
[Sun Jun 18 16:15:44 2023] SRAT: PXM 0 -> APIC 0x7e -> Node 0
[Sun Jun 18 16:15:44 2023] SRAT: PXM 0 -> APIC 0x80 -> Node 0
[Sun Jun 18 16:15:44 2023] SRAT: PXM 0 -> APIC 0x82 -> Node 0
[Sun Jun 18 16:15:44 2023] SRAT: PXM 0 -> APIC 0x84 -> Node 0
[Sun Jun 18 16:15:44 2023] SRAT: PXM 0 -> APIC 0x86 -> Node 0
[Sun Jun 18 16:15:44 2023] SRAT: PXM 0 -> APIC 0x88 -> Node 0
[Sun Jun 18 16:15:44 2023] SRAT: PXM 0 -> APIC 0x8a -> Node 0
[Sun Jun 18 16:15:44 2023] SRAT: PXM 0 -> APIC 0x8c -> Node 0
[Sun Jun 18 16:15:44 2023] SRAT: PXM 0 -> APIC 0x8e -> Node 0
[Sun Jun 18 16:15:44 2023] SRAT: PXM 0 -> APIC 0x90 -> Node 0
[Sun Jun 18 16:15:44 2023] SRAT: PXM 0 -> APIC 0x92 -> Node 0
[Sun Jun 18 16:15:44 2023] SRAT: PXM 0 -> APIC 0x94 -> Node 0
[Sun Jun 18 16:15:44 2023] SRAT: PXM 0 -> APIC 0x96 -> Node 0
[Sun Jun 18 16:15:44 2023] SRAT: PXM 0 -> APIC 0x98 -> Node 0
[Sun Jun 18 16:15:44 2023] SRAT: PXM 0 -> APIC 0x9a -> Node 0
[Sun Jun 18 16:15:44 2023] SRAT: PXM 0 -> APIC 0x9c -> Node 0
[Sun Jun 18 16:15:44 2023] SRAT: PXM 0 -> APIC 0x9e -> Node 0
[Sun Jun 18 16:15:44 2023] SRAT: PXM 0 -> APIC 0xa0 -> Node 0
[Sun Jun 18 16:15:44 2023] SRAT: PXM 0 -> APIC 0xa2 -> Node 0
[Sun Jun 18 16:15:44 2023] SRAT: PXM 0 -> APIC 0xa4 -> Node 0
[Sun Jun 18 16:15:44 2023] SRAT: PXM 0 -> APIC 0xa6 -> Node 0
[Sun Jun 18 16:15:44 2023] SRAT: PXM 0 -> APIC 0xa8 -> Node 0
[Sun Jun 18 16:15:44 2023] SRAT: PXM 0 -> APIC 0xaa -> Node 0
[Sun Jun 18 16:15:44 2023] SRAT: PXM 0 -> APIC 0xac -> Node 0
[Sun Jun 18 16:15:44 2023] SRAT: PXM 0 -> APIC 0xae -> Node 0
[Sun Jun 18 16:15:44 2023] SRAT: PXM 0 -> APIC 0xb0 -> Node 0
[Sun Jun 18 16:15:44 2023] SRAT: PXM 0 -> APIC 0xb2 -> Node 0
[Sun Jun 18 16:15:44 2023] SRAT: PXM 0 -> APIC 0xb4 -> Node 0
[Sun Jun 18 16:15:44 2023] SRAT: PXM 0 -> APIC 0xb6 -> Node 0
[Sun Jun 18 16:15:44 2023] SRAT: PXM 0 -> APIC 0xb8 -> Node 0
[Sun Jun 18 16:15:44 2023] SRAT: PXM 0 -> APIC 0xba -> Node 0
[Sun Jun 18 16:15:44 2023] SRAT: PXM 0 -> APIC 0xbc -> Node 0
[Sun Jun 18 16:15:44 2023] SRAT: PXM 0 -> APIC 0xbe -> Node 0
[Sun Jun 18 16:15:44 2023] SRAT: PXM 0 -> APIC 0xc0 -> Node 0
[Sun Jun 18 16:15:44 2023] SRAT: PXM 0 -> APIC 0xc2 -> Node 0
[Sun Jun 18 16:15:44 2023] SRAT: PXM 0 -> APIC 0xc4 -> Node 0
[Sun Jun 18 16:15:44 2023] SRAT: PXM 0 -> APIC 0xc6 -> Node 0
[Sun Jun 18 16:15:44 2023] SRAT: PXM 0 -> APIC 0xc8 -> Node 0
[Sun Jun 18 16:15:44 2023] SRAT: PXM 0 -> APIC 0xca -> Node 0
[Sun Jun 18 16:15:44 2023] SRAT: PXM 0 -> APIC 0xcc -> Node 0
[Sun Jun 18 16:15:44 2023] SRAT: PXM 0 -> APIC 0xce -> Node 0
[Sun Jun 18 16:15:44 2023] SRAT: PXM 0 -> APIC 0xd0 -> Node 0
[Sun Jun 18 16:15:44 2023] SRAT: PXM 0 -> APIC 0xd2 -> Node 0
[Sun Jun 18 16:15:44 2023] SRAT: PXM 0 -> APIC 0xd4 -> Node 0
[Sun Jun 18 16:15:44 2023] SRAT: PXM 0 -> APIC 0xd6 -> Node 0
[Sun Jun 18 16:15:44 2023] SRAT: PXM 0 -> APIC 0xd8 -> Node 0
[Sun Jun 18 16:15:44 2023] SRAT: PXM 0 -> APIC 0xda -> Node 0
[Sun Jun 18 16:15:44 2023] SRAT: PXM 0 -> APIC 0xdc -> Node 0
[Sun Jun 18 16:15:44 2023] SRAT: PXM 0 -> APIC 0xde -> Node 0
[Sun Jun 18 16:15:44 2023] SRAT: PXM 0 -> APIC 0xe0 -> Node 0
[Sun Jun 18 16:15:44 2023] SRAT: PXM 0 -> APIC 0xe2 -> Node 0
[Sun Jun 18 16:15:44 2023] SRAT: PXM 0 -> APIC 0xe4 -> Node 0
[Sun Jun 18 16:15:44 2023] SRAT: PXM 0 -> APIC 0xe6 -> Node 0
[Sun Jun 18 16:15:44 2023] SRAT: PXM 0 -> APIC 0xe8 -> Node 0
[Sun Jun 18 16:15:44 2023] SRAT: PXM 0 -> APIC 0xea -> Node 0
[Sun Jun 18 16:15:44 2023] SRAT: PXM 0 -> APIC 0xec -> Node 0
[Sun Jun 18 16:15:44 2023] SRAT: PXM 0 -> APIC 0xee -> Node 0
[Sun Jun 18 16:15:44 2023] SRAT: PXM 0 -> APIC 0xf0 -> Node 0
[Sun Jun 18 16:15:44 2023] SRAT: PXM 0 -> APIC 0xf2 -> Node 0
[Sun Jun 18 16:15:44 2023] SRAT: PXM 0 -> APIC 0xf4 -> Node 0
[Sun Jun 18 16:15:44 2023] SRAT: PXM 0 -> APIC 0xf6 -> Node 0
[Sun Jun 18 16:15:44 2023] SRAT: PXM 0 -> APIC 0xf8 -> Node 0
[Sun Jun 18 16:15:44 2023] SRAT: PXM 0 -> APIC 0xfa -> Node 0
[Sun Jun 18 16:15:44 2023] SRAT: PXM 0 -> APIC 0xfc -> Node 0
[Sun Jun 18 16:15:44 2023] SRAT: PXM 0 -> APIC 0xfe -> Node 0
[Sun Jun 18 16:15:44 2023] ACPI: SRAT: Node 0 PXM 0 [mem 0x00000000-0x0009ffff]
[Sun Jun 18 16:15:44 2023] ACPI: SRAT: Node 0 PXM 0 [mem 0x00100000-0xbfffffff]
[Sun Jun 18 16:15:44 2023] ACPI: SRAT: Node 0 PXM 0 [mem 0x100000000-0x17affffff]
[Sun Jun 18 16:15:44 2023] ACPI: SRAT: Node 0 PXM 0 [mem 0x17b000000-0x13efffffff] hotplug
[Sun Jun 18 16:15:44 2023] NUMA: Node 0 [mem 0x00000000-0x0009ffff] + [mem 0x00100000-0xbfffffff] -> [mem 0x00000000-0xbfffffff]
[Sun Jun 18 16:15:44 2023] NUMA: Node 0 [mem 0x00000000-0xbfffffff] + [mem 0x100000000-0x17affffff] -> [mem 0x00000000-0x17affffff]
[Sun Jun 18 16:15:44 2023] NODE_DATA(0) allocated [mem 0x17afd6000-0x17affffff]
[Sun Jun 18 16:15:44 2023] Zone ranges:
[Sun Jun 18 16:15:44 2023]   DMA      [mem 0x0000000000002000-0x0000000000ffffff]
[Sun Jun 18 16:15:44 2023]   DMA32    [mem 0x0000000001000000-0x00000000ffffffff]
[Sun Jun 18 16:15:44 2023]   Normal   [mem 0x0000000100000000-0x000000017affffff]
[Sun Jun 18 16:15:44 2023]   Device   empty
[Sun Jun 18 16:15:44 2023] Movable zone start for each node
[Sun Jun 18 16:15:44 2023] Early memory node ranges
[Sun Jun 18 16:15:44 2023]   node   0: [mem 0x0000000000002000-0x000000000009ffff]
[Sun Jun 18 16:15:44 2023]   node   0: [mem 0x0000000000100000-0x000000000e02efff]
[Sun Jun 18 16:15:44 2023]   node   0: [mem 0x000000000e04c000-0x000000000e04efff]
[Sun Jun 18 16:15:44 2023]   node   0: [mem 0x000000000e055000-0x000000000fb6efff]
[Sun Jun 18 16:15:44 2023]   node   0: [mem 0x000000000fbff000-0x00000000bfffffff]
[Sun Jun 18 16:15:44 2023]   node   0: [mem 0x0000000100000000-0x000000017affffff]
[Sun Jun 18 16:15:44 2023] Initmem setup node 0 [mem 0x0000000000002000-0x000000017affffff]
[Sun Jun 18 16:15:44 2023] On node 0, zone DMA: 2 pages in unavailable ranges
[Sun Jun 18 16:15:44 2023] On node 0, zone DMA: 96 pages in unavailable ranges
[Sun Jun 18 16:15:44 2023] On node 0, zone DMA32: 29 pages in unavailable ranges
[Sun Jun 18 16:15:44 2023] On node 0, zone DMA32: 6 pages in unavailable ranges
[Sun Jun 18 16:15:44 2023] On node 0, zone DMA32: 144 pages in unavailable ranges
[Sun Jun 18 16:15:44 2023] On node 0, zone Normal: 20480 pages in unavailable ranges
[Sun Jun 18 16:15:44 2023] ACPI: PM-Timer IO Port: 0x448
[Sun Jun 18 16:15:44 2023] system APIC only can use physical flat
[Sun Jun 18 16:15:44 2023] ACPI: LAPIC_NMI (acpi_id[0x00] high edge lint[0x1])
[Sun Jun 18 16:15:44 2023] ACPI: LAPIC_NMI (acpi_id[0x01] high edge lint[0x1])
[Sun Jun 18 16:15:44 2023] ACPI: LAPIC_NMI (acpi_id[0x02] high edge lint[0x1])
[Sun Jun 18 16:15:44 2023] ACPI: LAPIC_NMI (acpi_id[0x03] high edge lint[0x1])
[Sun Jun 18 16:15:44 2023] ACPI: LAPIC_NMI (acpi_id[0x04] high edge lint[0x1])
[Sun Jun 18 16:15:44 2023] ACPI: LAPIC_NMI (acpi_id[0x05] high edge lint[0x1])
[Sun Jun 18 16:15:44 2023] ACPI: LAPIC_NMI (acpi_id[0x06] high edge lint[0x1])
[Sun Jun 18 16:15:44 2023] ACPI: LAPIC_NMI (acpi_id[0x07] high edge lint[0x1])
[Sun Jun 18 16:15:44 2023] ACPI: LAPIC_NMI (acpi_id[0x08] high edge lint[0x1])
[Sun Jun 18 16:15:44 2023] ACPI: LAPIC_NMI (acpi_id[0x09] high edge lint[0x1])
[Sun Jun 18 16:15:44 2023] ACPI: LAPIC_NMI (acpi_id[0x0a] high edge lint[0x1])
[Sun Jun 18 16:15:44 2023] ACPI: LAPIC_NMI (acpi_id[0x0b] high edge lint[0x1])
[Sun Jun 18 16:15:44 2023] ACPI: LAPIC_NMI (acpi_id[0x0c] high edge lint[0x1])
[Sun Jun 18 16:15:44 2023] ACPI: LAPIC_NMI (acpi_id[0x0d] high edge lint[0x1])
[Sun Jun 18 16:15:44 2023] ACPI: LAPIC_NMI (acpi_id[0x0e] high edge lint[0x1])
[Sun Jun 18 16:15:44 2023] ACPI: LAPIC_NMI (acpi_id[0x0f] high edge lint[0x1])
[Sun Jun 18 16:15:44 2023] ACPI: LAPIC_NMI (acpi_id[0x10] high edge lint[0x1])
[Sun Jun 18 16:15:44 2023] ACPI: LAPIC_NMI (acpi_id[0x11] high edge lint[0x1])
[Sun Jun 18 16:15:44 2023] ACPI: LAPIC_NMI (acpi_id[0x12] high edge lint[0x1])
[Sun Jun 18 16:15:44 2023] ACPI: LAPIC_NMI (acpi_id[0x13] high edge lint[0x1])
[Sun Jun 18 16:15:44 2023] ACPI: LAPIC_NMI (acpi_id[0x14] high edge lint[0x1])
[Sun Jun 18 16:15:44 2023] ACPI: LAPIC_NMI (acpi_id[0x15] high edge lint[0x1])
[Sun Jun 18 16:15:44 2023] ACPI: LAPIC_NMI (acpi_id[0x16] high edge lint[0x1])
[Sun Jun 18 16:15:44 2023] ACPI: LAPIC_NMI (acpi_id[0x17] high edge lint[0x1])
[Sun Jun 18 16:15:44 2023] ACPI: LAPIC_NMI (acpi_id[0x18] high edge lint[0x1])
[Sun Jun 18 16:15:44 2023] ACPI: LAPIC_NMI (acpi_id[0x19] high edge lint[0x1])
[Sun Jun 18 16:15:44 2023] ACPI: LAPIC_NMI (acpi_id[0x1a] high edge lint[0x1])
[Sun Jun 18 16:15:44 2023] ACPI: LAPIC_NMI (acpi_id[0x1b] high edge lint[0x1])
[Sun Jun 18 16:15:44 2023] ACPI: LAPIC_NMI (acpi_id[0x1c] high edge lint[0x1])
[Sun Jun 18 16:15:44 2023] ACPI: LAPIC_NMI (acpi_id[0x1d] high edge lint[0x1])
[Sun Jun 18 16:15:44 2023] ACPI: LAPIC_NMI (acpi_id[0x1e] high edge lint[0x1])
[Sun Jun 18 16:15:44 2023] ACPI: LAPIC_NMI (acpi_id[0x1f] high edge lint[0x1])
[Sun Jun 18 16:15:44 2023] ACPI: LAPIC_NMI (acpi_id[0x20] high edge lint[0x1])
[Sun Jun 18 16:15:44 2023] ACPI: LAPIC_NMI (acpi_id[0x21] high edge lint[0x1])
[Sun Jun 18 16:15:44 2023] ACPI: LAPIC_NMI (acpi_id[0x22] high edge lint[0x1])
[Sun Jun 18 16:15:44 2023] ACPI: LAPIC_NMI (acpi_id[0x23] high edge lint[0x1])
[Sun Jun 18 16:15:44 2023] ACPI: LAPIC_NMI (acpi_id[0x24] high edge lint[0x1])
[Sun Jun 18 16:15:44 2023] ACPI: LAPIC_NMI (acpi_id[0x25] high edge lint[0x1])
[Sun Jun 18 16:15:44 2023] ACPI: LAPIC_NMI (acpi_id[0x26] high edge lint[0x1])
[Sun Jun 18 16:15:44 2023] ACPI: LAPIC_NMI (acpi_id[0x27] high edge lint[0x1])
[Sun Jun 18 16:15:44 2023] ACPI: LAPIC_NMI (acpi_id[0x28] high edge lint[0x1])
[Sun Jun 18 16:15:44 2023] ACPI: LAPIC_NMI (acpi_id[0x29] high edge lint[0x1])
[Sun Jun 18 16:15:44 2023] ACPI: LAPIC_NMI (acpi_id[0x2a] high edge lint[0x1])
[Sun Jun 18 16:15:44 2023] ACPI: LAPIC_NMI (acpi_id[0x2b] high edge lint[0x1])
[Sun Jun 18 16:15:44 2023] ACPI: LAPIC_NMI (acpi_id[0x2c] high edge lint[0x1])
[Sun Jun 18 16:15:44 2023] ACPI: LAPIC_NMI (acpi_id[0x2d] high edge lint[0x1])
[Sun Jun 18 16:15:44 2023] ACPI: LAPIC_NMI (acpi_id[0x2e] high edge lint[0x1])
[Sun Jun 18 16:15:44 2023] ACPI: LAPIC_NMI (acpi_id[0x2f] high edge lint[0x1])
[Sun Jun 18 16:15:44 2023] ACPI: LAPIC_NMI (acpi_id[0x30] high edge lint[0x1])
[Sun Jun 18 16:15:44 2023] ACPI: LAPIC_NMI (acpi_id[0x31] high edge lint[0x1])
[Sun Jun 18 16:15:44 2023] ACPI: LAPIC_NMI (acpi_id[0x32] high edge lint[0x1])
[Sun Jun 18 16:15:44 2023] ACPI: LAPIC_NMI (acpi_id[0x33] high edge lint[0x1])
[Sun Jun 18 16:15:44 2023] ACPI: LAPIC_NMI (acpi_id[0x34] high edge lint[0x1])
[Sun Jun 18 16:15:44 2023] ACPI: LAPIC_NMI (acpi_id[0x35] high edge lint[0x1])
[Sun Jun 18 16:15:44 2023] ACPI: LAPIC_NMI (acpi_id[0x36] high edge lint[0x1])
[Sun Jun 18 16:15:44 2023] ACPI: LAPIC_NMI (acpi_id[0x37] high edge lint[0x1])
[Sun Jun 18 16:15:44 2023] ACPI: LAPIC_NMI (acpi_id[0x38] high edge lint[0x1])
[Sun Jun 18 16:15:44 2023] ACPI: LAPIC_NMI (acpi_id[0x39] high edge lint[0x1])
[Sun Jun 18 16:15:44 2023] ACPI: LAPIC_NMI (acpi_id[0x3a] high edge lint[0x1])
[Sun Jun 18 16:15:44 2023] ACPI: LAPIC_NMI (acpi_id[0x3b] high edge lint[0x1])
[Sun Jun 18 16:15:44 2023] ACPI: LAPIC_NMI (acpi_id[0x3c] high edge lint[0x1])
[Sun Jun 18 16:15:44 2023] ACPI: LAPIC_NMI (acpi_id[0x3d] high edge lint[0x1])
[Sun Jun 18 16:15:44 2023] ACPI: LAPIC_NMI (acpi_id[0x3e] high edge lint[0x1])
[Sun Jun 18 16:15:44 2023] ACPI: LAPIC_NMI (acpi_id[0x3f] high edge lint[0x1])
[Sun Jun 18 16:15:44 2023] ACPI: LAPIC_NMI (acpi_id[0x40] high edge lint[0x1])
[Sun Jun 18 16:15:44 2023] ACPI: LAPIC_NMI (acpi_id[0x41] high edge lint[0x1])
[Sun Jun 18 16:15:44 2023] ACPI: LAPIC_NMI (acpi_id[0x42] high edge lint[0x1])
[Sun Jun 18 16:15:44 2023] ACPI: LAPIC_NMI (acpi_id[0x43] high edge lint[0x1])
[Sun Jun 18 16:15:44 2023] ACPI: LAPIC_NMI (acpi_id[0x44] high edge lint[0x1])
[Sun Jun 18 16:15:44 2023] ACPI: LAPIC_NMI (acpi_id[0x45] high edge lint[0x1])
[Sun Jun 18 16:15:44 2023] ACPI: LAPIC_NMI (acpi_id[0x46] high edge lint[0x1])
[Sun Jun 18 16:15:44 2023] ACPI: LAPIC_NMI (acpi_id[0x47] high edge lint[0x1])
[Sun Jun 18 16:15:44 2023] ACPI: LAPIC_NMI (acpi_id[0x48] high edge lint[0x1])
[Sun Jun 18 16:15:44 2023] ACPI: LAPIC_NMI (acpi_id[0x49] high edge lint[0x1])
[Sun Jun 18 16:15:44 2023] ACPI: LAPIC_NMI (acpi_id[0x4a] high edge lint[0x1])
[Sun Jun 18 16:15:44 2023] ACPI: LAPIC_NMI (acpi_id[0x4b] high edge lint[0x1])
[Sun Jun 18 16:15:44 2023] ACPI: LAPIC_NMI (acpi_id[0x4c] high edge lint[0x1])
[Sun Jun 18 16:15:44 2023] ACPI: LAPIC_NMI (acpi_id[0x4d] high edge lint[0x1])
[Sun Jun 18 16:15:44 2023] ACPI: LAPIC_NMI (acpi_id[0x4e] high edge lint[0x1])
[Sun Jun 18 16:15:44 2023] ACPI: LAPIC_NMI (acpi_id[0x4f] high edge lint[0x1])
[Sun Jun 18 16:15:44 2023] ACPI: LAPIC_NMI (acpi_id[0x50] high edge lint[0x1])
[Sun Jun 18 16:15:44 2023] ACPI: LAPIC_NMI (acpi_id[0x51] high edge lint[0x1])
[Sun Jun 18 16:15:44 2023] ACPI: LAPIC_NMI (acpi_id[0x52] high edge lint[0x1])
[Sun Jun 18 16:15:44 2023] ACPI: LAPIC_NMI (acpi_id[0x53] high edge lint[0x1])
[Sun Jun 18 16:15:44 2023] ACPI: LAPIC_NMI (acpi_id[0x54] high edge lint[0x1])
[Sun Jun 18 16:15:44 2023] ACPI: LAPIC_NMI (acpi_id[0x55] high edge lint[0x1])
[Sun Jun 18 16:15:44 2023] ACPI: LAPIC_NMI (acpi_id[0x56] high edge lint[0x1])
[Sun Jun 18 16:15:44 2023] ACPI: LAPIC_NMI (acpi_id[0x57] high edge lint[0x1])
[Sun Jun 18 16:15:44 2023] ACPI: LAPIC_NMI (acpi_id[0x58] high edge lint[0x1])
[Sun Jun 18 16:15:44 2023] ACPI: LAPIC_NMI (acpi_id[0x59] high edge lint[0x1])
[Sun Jun 18 16:15:44 2023] ACPI: LAPIC_NMI (acpi_id[0x5a] high edge lint[0x1])
[Sun Jun 18 16:15:44 2023] ACPI: LAPIC_NMI (acpi_id[0x5b] high edge lint[0x1])
[Sun Jun 18 16:15:44 2023] ACPI: LAPIC_NMI (acpi_id[0x5c] high edge lint[0x1])
[Sun Jun 18 16:15:44 2023] ACPI: LAPIC_NMI (acpi_id[0x5d] high edge lint[0x1])
[Sun Jun 18 16:15:44 2023] ACPI: LAPIC_NMI (acpi_id[0x5e] high edge lint[0x1])
[Sun Jun 18 16:15:44 2023] ACPI: LAPIC_NMI (acpi_id[0x5f] high edge lint[0x1])
[Sun Jun 18 16:15:44 2023] ACPI: LAPIC_NMI (acpi_id[0x60] high edge lint[0x1])
[Sun Jun 18 16:15:44 2023] ACPI: LAPIC_NMI (acpi_id[0x61] high edge lint[0x1])
[Sun Jun 18 16:15:44 2023] ACPI: LAPIC_NMI (acpi_id[0x62] high edge lint[0x1])
[Sun Jun 18 16:15:44 2023] ACPI: LAPIC_NMI (acpi_id[0x63] high edge lint[0x1])
[Sun Jun 18 16:15:44 2023] ACPI: LAPIC_NMI (acpi_id[0x64] high edge lint[0x1])
[Sun Jun 18 16:15:44 2023] ACPI: LAPIC_NMI (acpi_id[0x65] high edge lint[0x1])
[Sun Jun 18 16:15:44 2023] ACPI: LAPIC_NMI (acpi_id[0x66] high edge lint[0x1])
[Sun Jun 18 16:15:44 2023] ACPI: LAPIC_NMI (acpi_id[0x67] high edge lint[0x1])
[Sun Jun 18 16:15:44 2023] ACPI: LAPIC_NMI (acpi_id[0x68] high edge lint[0x1])
[Sun Jun 18 16:15:44 2023] ACPI: LAPIC_NMI (acpi_id[0x69] high edge lint[0x1])
[Sun Jun 18 16:15:44 2023] ACPI: LAPIC_NMI (acpi_id[0x6a] high edge lint[0x1])
[Sun Jun 18 16:15:44 2023] ACPI: LAPIC_NMI (acpi_id[0x6b] high edge lint[0x1])
[Sun Jun 18 16:15:44 2023] ACPI: LAPIC_NMI (acpi_id[0x6c] high edge lint[0x1])
[Sun Jun 18 16:15:44 2023] ACPI: LAPIC_NMI (acpi_id[0x6d] high edge lint[0x1])
[Sun Jun 18 16:15:44 2023] ACPI: LAPIC_NMI (acpi_id[0x6e] high edge lint[0x1])
[Sun Jun 18 16:15:44 2023] ACPI: LAPIC_NMI (acpi_id[0x6f] high edge lint[0x1])
[Sun Jun 18 16:15:44 2023] ACPI: LAPIC_NMI (acpi_id[0x70] high edge lint[0x1])
[Sun Jun 18 16:15:44 2023] ACPI: LAPIC_NMI (acpi_id[0x71] high edge lint[0x1])
[Sun Jun 18 16:15:44 2023] ACPI: LAPIC_NMI (acpi_id[0x72] high edge lint[0x1])
[Sun Jun 18 16:15:44 2023] ACPI: LAPIC_NMI (acpi_id[0x73] high edge lint[0x1])
[Sun Jun 18 16:15:44 2023] ACPI: LAPIC_NMI (acpi_id[0x74] high edge lint[0x1])
[Sun Jun 18 16:15:44 2023] ACPI: LAPIC_NMI (acpi_id[0x75] high edge lint[0x1])
[Sun Jun 18 16:15:44 2023] ACPI: LAPIC_NMI (acpi_id[0x76] high edge lint[0x1])
[Sun Jun 18 16:15:44 2023] ACPI: LAPIC_NMI (acpi_id[0x77] high edge lint[0x1])
[Sun Jun 18 16:15:44 2023] ACPI: LAPIC_NMI (acpi_id[0x78] high edge lint[0x1])
[Sun Jun 18 16:15:44 2023] ACPI: LAPIC_NMI (acpi_id[0x79] high edge lint[0x1])
[Sun Jun 18 16:15:44 2023] ACPI: LAPIC_NMI (acpi_id[0x7a] high edge lint[0x1])
[Sun Jun 18 16:15:44 2023] ACPI: LAPIC_NMI (acpi_id[0x7b] high edge lint[0x1])
[Sun Jun 18 16:15:44 2023] ACPI: LAPIC_NMI (acpi_id[0x7c] high edge lint[0x1])
[Sun Jun 18 16:15:44 2023] ACPI: LAPIC_NMI (acpi_id[0x7d] high edge lint[0x1])
[Sun Jun 18 16:15:44 2023] ACPI: LAPIC_NMI (acpi_id[0x7e] high edge lint[0x1])
[Sun Jun 18 16:15:44 2023] ACPI: LAPIC_NMI (acpi_id[0x7f] high edge lint[0x1])
[Sun Jun 18 16:15:44 2023] IOAPIC[0]: apic_id 128, version 32, address 0xfec00000, GSI 0-23
[Sun Jun 18 16:15:44 2023] ACPI: INT_SRC_OVR (bus 0 bus_irq 0 global_irq 2 high edge)
[Sun Jun 18 16:15:44 2023] ACPI: Using ACPI (MADT) for SMP configuration information
[Sun Jun 18 16:15:44 2023] ACPI: HPET id: 0x8086af01 base: 0xfed00000
[Sun Jun 18 16:15:44 2023] smpboot: Allowing 128 CPUs, 120 hotplug CPUs
[Sun Jun 18 16:15:44 2023] PM: hibernation: Registered nosave memory: [mem 0x00000000-0x00000fff]
[Sun Jun 18 16:15:44 2023] PM: hibernation: Registered nosave memory: [mem 0x00001000-0x00001fff]
[Sun Jun 18 16:15:44 2023] PM: hibernation: Registered nosave memory: [mem 0x000a0000-0x000bffff]
[Sun Jun 18 16:15:44 2023] PM: hibernation: Registered nosave memory: [mem 0x000c0000-0x000fffff]
[Sun Jun 18 16:15:44 2023] PM: hibernation: Registered nosave memory: [mem 0x06c68000-0x06c68fff]
[Sun Jun 18 16:15:44 2023] PM: hibernation: Registered nosave memory: [mem 0x06c6a000-0x06c6afff]
[Sun Jun 18 16:15:44 2023] PM: hibernation: Registered nosave memory: [mem 0x06c6b000-0x06c6bfff]
[Sun Jun 18 16:15:44 2023] PM: hibernation: Registered nosave memory: [mem 0x06c6c000-0x06c6cfff]
[Sun Jun 18 16:15:44 2023] PM: hibernation: Registered nosave memory: [mem 0x06c6d000-0x06c6dfff]
[Sun Jun 18 16:15:44 2023] PM: hibernation: Registered nosave memory: [mem 0x06c6f000-0x06c6ffff]
[Sun Jun 18 16:15:44 2023] PM: hibernation: Registered nosave memory: [mem 0x06c70000-0x06c70fff]
[Sun Jun 18 16:15:44 2023] PM: hibernation: Registered nosave memory: [mem 0x06c78000-0x06c78fff]
[Sun Jun 18 16:15:44 2023] PM: hibernation: Registered nosave memory: [mem 0x0e02f000-0x0e04bfff]
[Sun Jun 18 16:15:44 2023] PM: hibernation: Registered nosave memory: [mem 0x0e04f000-0x0e054fff]
[Sun Jun 18 16:15:44 2023] PM: hibernation: Registered nosave memory: [mem 0x0fb6f000-0x0fbdefff]
[Sun Jun 18 16:15:44 2023] PM: hibernation: Registered nosave memory: [mem 0x0fbdf000-0x0fbfafff]
[Sun Jun 18 16:15:44 2023] PM: hibernation: Registered nosave memory: [mem 0x0fbfb000-0x0fbfefff]
[Sun Jun 18 16:15:44 2023] PM: hibernation: Registered nosave memory: [mem 0xc0000000-0xffbfffff]
[Sun Jun 18 16:15:44 2023] PM: hibernation: Registered nosave memory: [mem 0xffc00000-0xffc29fff]
[Sun Jun 18 16:15:44 2023] PM: hibernation: Registered nosave memory: [mem 0xffc2a000-0xffffffff]
[Sun Jun 18 16:15:44 2023] [mem 0xc0000000-0xffbfffff] available for PCI devices
[Sun Jun 18 16:15:44 2023] Booting paravirtualized kernel on VMware hypervisor
[Sun Jun 18 16:15:44 2023] clocksource: refined-jiffies: mask: 0xffffffff max_cycles: 0xffffffff, max_idle_ns: 7645519600211568 ns
[Sun Jun 18 16:15:44 2023] setup_percpu: NR_CPUS:8192 nr_cpumask_bits:128 nr_cpu_ids:128 nr_node_ids:1
[Sun Jun 18 16:15:44 2023] percpu: Embedded 60 pages/cpu s208896 r8192 d28672 u262144
[Sun Jun 18 16:15:44 2023] pcpu-alloc: s208896 r8192 d28672 u262144 alloc=1*2097152
[Sun Jun 18 16:15:44 2023] pcpu-alloc: [0] 000 001 002 003 004 005 006 007 
[Sun Jun 18 16:15:44 2023] pcpu-alloc: [0] 008 009 010 011 012 013 014 015 
[Sun Jun 18 16:15:44 2023] pcpu-alloc: [0] 016 017 018 019 020 021 022 023 
[Sun Jun 18 16:15:44 2023] pcpu-alloc: [0] 024 025 026 027 028 029 030 031 
[Sun Jun 18 16:15:44 2023] pcpu-alloc: [0] 032 033 034 035 036 037 038 039 
[Sun Jun 18 16:15:44 2023] pcpu-alloc: [0] 040 041 042 043 044 045 046 047 
[Sun Jun 18 16:15:44 2023] pcpu-alloc: [0] 048 049 050 051 052 053 054 055 
[Sun Jun 18 16:15:44 2023] pcpu-alloc: [0] 056 057 058 059 060 061 062 063 
[Sun Jun 18 16:15:44 2023] pcpu-alloc: [0] 064 065 066 067 068 069 070 071 
[Sun Jun 18 16:15:44 2023] pcpu-alloc: [0] 072 073 074 075 076 077 078 079 
[Sun Jun 18 16:15:44 2023] pcpu-alloc: [0] 080 081 082 083 084 085 086 087 
[Sun Jun 18 16:15:44 2023] pcpu-alloc: [0] 088 089 090 091 092 093 094 095 
[Sun Jun 18 16:15:44 2023] pcpu-alloc: [0] 096 097 098 099 100 101 102 103 
[Sun Jun 18 16:15:44 2023] pcpu-alloc: [0] 104 105 106 107 108 109 110 111 
[Sun Jun 18 16:15:44 2023] pcpu-alloc: [0] 112 113 114 115 116 117 118 119 
[Sun Jun 18 16:15:44 2023] pcpu-alloc: [0] 120 121 122 123 124 125 126 127 
[Sun Jun 18 16:15:44 2023] Built 1 zonelists, mobility grouping on.  Total pages: 1269647
[Sun Jun 18 16:15:44 2023] Policy zone: Normal
[Sun Jun 18 16:15:44 2023] Kernel command line: BOOT_IMAGE=/vmlinuz-5.15.0-75-generic root=/dev/mapper/ubuntu--lvm-root ro
[Sun Jun 18 16:15:44 2023] Unknown kernel command line parameters "BOOT_IMAGE=/vmlinuz-5.15.0-75-generic", will be passed to user space.
[Sun Jun 18 16:15:44 2023] printk: log_buf_len individual max cpu contribution: 4096 bytes
[Sun Jun 18 16:15:44 2023] printk: log_buf_len total cpu_extra contributions: 520192 bytes
[Sun Jun 18 16:15:44 2023] printk: log_buf_len min size: 262144 bytes
[Sun Jun 18 16:15:44 2023] printk: log_buf_len: 1048576 bytes
[Sun Jun 18 16:15:44 2023] printk: early log buf free: 234296(89%)
[Sun Jun 18 16:15:45 2023] Dentry cache hash table entries: 1048576 (order: 11, 8388608 bytes, linear)
[Sun Jun 18 16:15:45 2023] Inode-cache hash table entries: 524288 (order: 10, 4194304 bytes, linear)
[Sun Jun 18 16:15:45 2023] mem auto-init: stack:off, heap alloc:on, heap free:off
[Sun Jun 18 16:15:45 2023] Memory: 4765460K/5159852K available (16393K kernel code, 4383K rwdata, 10844K rodata, 3248K init, 18832K bss, 394132K reserved, 0K cma-reserved)
[Sun Jun 18 16:15:45 2023] SLUB: HWalign=64, Order=0-3, MinObjects=0, CPUs=128, Nodes=1
[Sun Jun 18 16:15:45 2023] Kernel/User page tables isolation: enabled
[Sun Jun 18 16:15:45 2023] ftrace: allocating 50600 entries in 198 pages
[Sun Jun 18 16:15:45 2023] ftrace: allocated 198 pages with 4 groups
[Sun Jun 18 16:15:45 2023] rcu: Hierarchical RCU implementation.
[Sun Jun 18 16:15:45 2023] rcu: 	RCU restricting CPUs from NR_CPUS=8192 to nr_cpu_ids=128.
[Sun Jun 18 16:15:45 2023] 	Rude variant of Tasks RCU enabled.
[Sun Jun 18 16:15:45 2023] 	Tracing variant of Tasks RCU enabled.
[Sun Jun 18 16:15:45 2023] rcu: RCU calculated value of scheduler-enlistment delay is 25 jiffies.
[Sun Jun 18 16:15:45 2023] rcu: Adjusting geometry for rcu_fanout_leaf=16, nr_cpu_ids=128
[Sun Jun 18 16:15:45 2023] NR_IRQS: 524544, nr_irqs: 1448, preallocated irqs: 16
[Sun Jun 18 16:15:45 2023] Console: colour dummy device 80x25
[Sun Jun 18 16:15:45 2023] printk: console [tty0] enabled
[Sun Jun 18 16:15:45 2023] ACPI: Core revision 20210730
[Sun Jun 18 16:15:45 2023] clocksource: hpet: mask: 0xffffffff max_cycles: 0xffffffff, max_idle_ns: 133484882848 ns
[Sun Jun 18 16:15:45 2023] APIC: Switch to symmetric I/O mode setup
[Sun Jun 18 16:15:45 2023] x2apic enabled
[Sun Jun 18 16:15:45 2023] Switched APIC routing to physical x2apic.
[Sun Jun 18 16:15:45 2023] ..TIMER: vector=0x30 apic1=0 pin1=2 apic2=-1 pin2=-1
[Sun Jun 18 16:15:45 2023] clocksource: tsc-early: mask: 0xffffffffffffffff max_cycles: 0x22984789d8d, max_idle_ns: 440795236594 ns
[Sun Jun 18 16:15:45 2023] Calibrating delay loop (skipped) preset value.. 4800.03 BogoMIPS (lpj=9600071)
[Sun Jun 18 16:15:45 2023] pid_max: default: 131072 minimum: 1024
[Sun Jun 18 16:15:45 2023] LSM: Security Framework initializing
[Sun Jun 18 16:15:45 2023] landlock: Up and running.
[Sun Jun 18 16:15:45 2023] Yama: becoming mindful.
[Sun Jun 18 16:15:45 2023] AppArmor: AppArmor initialized
[Sun Jun 18 16:15:45 2023] Mount-cache hash table entries: 16384 (order: 5, 131072 bytes, linear)
[Sun Jun 18 16:15:45 2023] Mountpoint-cache hash table entries: 16384 (order: 5, 131072 bytes, linear)
[Sun Jun 18 16:15:45 2023] Disabled fast string operations
[Sun Jun 18 16:15:45 2023] Last level iTLB entries: 4KB 64, 2MB 8, 4MB 8
[Sun Jun 18 16:15:45 2023] Last level dTLB entries: 4KB 64, 2MB 0, 4MB 0, 1GB 4
[Sun Jun 18 16:15:45 2023] Spectre V1 : Mitigation: usercopy/swapgs barriers and __user pointer sanitization
[Sun Jun 18 16:15:45 2023] Spectre V2 : Mitigation: IBRS
[Sun Jun 18 16:15:45 2023] Spectre V2 : Spectre v2 / SpectreRSB mitigation: Filling RSB on context switch
[Sun Jun 18 16:15:45 2023] Spectre V2 : Spectre v2 / SpectreRSB : Filling RSB on VMEXIT
[Sun Jun 18 16:15:45 2023] RETBleed: Mitigation: IBRS
[Sun Jun 18 16:15:45 2023] Spectre V2 : mitigation: Enabling conditional Indirect Branch Prediction Barrier
[Sun Jun 18 16:15:45 2023] Speculative Store Bypass: Mitigation: Speculative Store Bypass disabled via prctl and seccomp
[Sun Jun 18 16:15:45 2023] MDS: Vulnerable: Clear CPU buffers attempted, no microcode
[Sun Jun 18 16:15:45 2023] MMIO Stale Data: Vulnerable: Clear CPU buffers attempted, no microcode
[Sun Jun 18 16:15:45 2023] SRBDS: Unknown: Dependent on hypervisor status
[Sun Jun 18 16:15:45 2023] Freeing SMP alternatives memory: 44K
[Sun Jun 18 16:15:45 2023] smpboot: CPU0: Intel(R) Core(TM) i9-10885H CPU @ 2.40GHz (family: 0x6, model: 0xa5, stepping: 0x2)
[Sun Jun 18 16:15:45 2023] Performance Events: Skylake events, core PMU driver.
[Sun Jun 18 16:15:45 2023] core: CPUID marked event: 'cpu cycles' unavailable
[Sun Jun 18 16:15:45 2023] core: CPUID marked event: 'instructions' unavailable
[Sun Jun 18 16:15:45 2023] core: CPUID marked event: 'bus cycles' unavailable
[Sun Jun 18 16:15:45 2023] core: CPUID marked event: 'cache references' unavailable
[Sun Jun 18 16:15:45 2023] core: CPUID marked event: 'cache misses' unavailable
[Sun Jun 18 16:15:45 2023] core: CPUID marked event: 'branch instructions' unavailable
[Sun Jun 18 16:15:45 2023] core: CPUID marked event: 'branch misses' unavailable
[Sun Jun 18 16:15:45 2023] ... version:                1
[Sun Jun 18 16:15:45 2023] ... bit width:              48
[Sun Jun 18 16:15:45 2023] ... generic registers:      4
[Sun Jun 18 16:15:45 2023] ... value mask:             0000ffffffffffff
[Sun Jun 18 16:15:45 2023] ... max period:             000000007fffffff
[Sun Jun 18 16:15:45 2023] ... fixed-purpose events:   0
[Sun Jun 18 16:15:45 2023] ... event mask:             000000000000000f
[Sun Jun 18 16:15:45 2023] rcu: Hierarchical SRCU implementation.
[Sun Jun 18 16:15:45 2023] NMI watchdog: Perf NMI watchdog permanently disabled
[Sun Jun 18 16:15:45 2023] smp: Bringing up secondary CPUs ...
[Sun Jun 18 16:15:45 2023] x86: Booting SMP configuration:
[Sun Jun 18 16:15:45 2023] .... node  #0, CPUs:          #1
[Sun Jun 18 16:15:44 2023] Disabled fast string operations
[Sun Jun 18 16:15:44 2023] smpboot: CPU 1 Converting physical 2 to logical package 1
[Sun Jun 18 16:15:44 2023] smpboot: CPU 1 Converting physical 0 to logical die 1
[Sun Jun 18 16:15:45 2023]    #2
[Sun Jun 18 16:15:44 2023] Disabled fast string operations
[Sun Jun 18 16:15:44 2023] smpboot: CPU 2 Converting physical 4 to logical package 2
[Sun Jun 18 16:15:44 2023] smpboot: CPU 2 Converting physical 0 to logical die 2
[Sun Jun 18 16:15:45 2023]    #3
[Sun Jun 18 16:15:44 2023] Disabled fast string operations
[Sun Jun 18 16:15:44 2023] smpboot: CPU 3 Converting physical 6 to logical package 3
[Sun Jun 18 16:15:44 2023] smpboot: CPU 3 Converting physical 0 to logical die 3
[Sun Jun 18 16:15:45 2023]    #4
[Sun Jun 18 16:15:44 2023] Disabled fast string operations
[Sun Jun 18 16:15:44 2023] smpboot: CPU 4 Converting physical 8 to logical package 4
[Sun Jun 18 16:15:44 2023] smpboot: CPU 4 Converting physical 0 to logical die 4
[Sun Jun 18 16:15:45 2023]    #5
[Sun Jun 18 16:15:44 2023] Disabled fast string operations
[Sun Jun 18 16:15:44 2023] smpboot: CPU 5 Converting physical 10 to logical package 5
[Sun Jun 18 16:15:44 2023] smpboot: CPU 5 Converting physical 0 to logical die 5
[Sun Jun 18 16:15:45 2023]    #6
[Sun Jun 18 16:15:44 2023] Disabled fast string operations
[Sun Jun 18 16:15:44 2023] smpboot: CPU 6 Converting physical 12 to logical package 6
[Sun Jun 18 16:15:44 2023] smpboot: CPU 6 Converting physical 0 to logical die 6
[Sun Jun 18 16:15:45 2023]    #7
[Sun Jun 18 16:15:44 2023] Disabled fast string operations
[Sun Jun 18 16:15:44 2023] smpboot: CPU 7 Converting physical 14 to logical package 7
[Sun Jun 18 16:15:44 2023] smpboot: CPU 7 Converting physical 0 to logical die 7
[Sun Jun 18 16:15:45 2023] smp: Brought up 1 node, 8 CPUs
[Sun Jun 18 16:15:45 2023] smpboot: Max logical packages: 128
[Sun Jun 18 16:15:45 2023] smpboot: Total of 8 processors activated (38400.28 BogoMIPS)
[Sun Jun 18 16:15:45 2023] devtmpfs: initialized
[Sun Jun 18 16:15:45 2023] x86/mm: Memory block size: 128MB
[Sun Jun 18 16:15:45 2023] ACPI: PM: Registering ACPI NVS region [mem 0x00000000-0x00000fff] (4096 bytes)
[Sun Jun 18 16:15:45 2023] ACPI: PM: Registering ACPI NVS region [mem 0x0e04f000-0x0e054fff] (24576 bytes)
[Sun Jun 18 16:15:45 2023] ACPI: PM: Registering ACPI NVS region [mem 0x0fbfb000-0x0fbfefff] (16384 bytes)
[Sun Jun 18 16:15:45 2023] clocksource: jiffies: mask: 0xffffffff max_cycles: 0xffffffff, max_idle_ns: 7645041785100000 ns
[Sun Jun 18 16:15:45 2023] futex hash table entries: 32768 (order: 9, 2097152 bytes, linear)
[Sun Jun 18 16:15:45 2023] pinctrl core: initialized pinctrl subsystem
[Sun Jun 18 16:15:45 2023] PM: RTC time: 15:47:41, date: 2023-06-18
[Sun Jun 18 16:15:45 2023] NET: Registered PF_NETLINK/PF_ROUTE protocol family
[Sun Jun 18 16:15:45 2023] DMA: preallocated 1024 KiB GFP_KERNEL pool for atomic allocations
[Sun Jun 18 16:15:45 2023] DMA: preallocated 1024 KiB GFP_KERNEL|GFP_DMA pool for atomic allocations
[Sun Jun 18 16:15:45 2023] DMA: preallocated 1024 KiB GFP_KERNEL|GFP_DMA32 pool for atomic allocations
[Sun Jun 18 16:15:45 2023] audit: initializing netlink subsys (disabled)
[Sun Jun 18 16:15:45 2023] audit: type=2000 audit(1687103261.092:1): state=initialized audit_enabled=0 res=1
[Sun Jun 18 16:15:45 2023] thermal_sys: Registered thermal governor 'fair_share'
[Sun Jun 18 16:15:45 2023] thermal_sys: Registered thermal governor 'bang_bang'
[Sun Jun 18 16:15:45 2023] thermal_sys: Registered thermal governor 'step_wise'
[Sun Jun 18 16:15:45 2023] thermal_sys: Registered thermal governor 'user_space'
[Sun Jun 18 16:15:45 2023] thermal_sys: Registered thermal governor 'power_allocator'
[Sun Jun 18 16:15:45 2023] EISA bus registered
[Sun Jun 18 16:15:45 2023] cpuidle: using governor ladder
[Sun Jun 18 16:15:45 2023] cpuidle: using governor menu
[Sun Jun 18 16:15:45 2023] ACPI: bus type PCI registered
[Sun Jun 18 16:15:45 2023] acpiphp: ACPI Hot Plug PCI Controller Driver version: 0.5
[Sun Jun 18 16:15:45 2023] PCI: MMCONFIG for domain 0000 [bus 00-7f] at [mem 0xe0000000-0xe7ffffff] (base 0xe0000000)
[Sun Jun 18 16:15:45 2023] PCI: not using MMCONFIG
[Sun Jun 18 16:15:45 2023] PCI: Using configuration type 1 for base access
[Sun Jun 18 16:15:45 2023] kprobes: kprobe jump-optimization is enabled. All kprobes are optimized if possible.
[Sun Jun 18 16:15:45 2023] HugeTLB registered 1.00 GiB page size, pre-allocated 0 pages
[Sun Jun 18 16:15:45 2023] HugeTLB registered 2.00 MiB page size, pre-allocated 0 pages
[Sun Jun 18 16:15:45 2023] fbcon: Taking over console
[Sun Jun 18 16:15:45 2023] ACPI: Added _OSI(Module Device)
[Sun Jun 18 16:15:45 2023] ACPI: Added _OSI(Processor Device)
[Sun Jun 18 16:15:45 2023] ACPI: Added _OSI(3.0 _SCP Extensions)
[Sun Jun 18 16:15:45 2023] ACPI: Added _OSI(Processor Aggregator Device)
[Sun Jun 18 16:15:45 2023] ACPI: Added _OSI(Linux-Dell-Video)
[Sun Jun 18 16:15:45 2023] ACPI: Added _OSI(Linux-Lenovo-NV-HDMI-Audio)
[Sun Jun 18 16:15:45 2023] ACPI: Added _OSI(Linux-HPI-Hybrid-Graphics)
[Sun Jun 18 16:15:45 2023] ACPI: 1 ACPI AML tables successfully acquired and loaded
[Sun Jun 18 16:15:45 2023] ACPI: [Firmware Bug]: BIOS _OSI(Linux) query ignored
[Sun Jun 18 16:15:45 2023] ACPI: BIOS _OSI(Darwin) query ignored
[Sun Jun 18 16:15:45 2023] ACPI: Interpreter enabled
[Sun Jun 18 16:15:45 2023] ACPI: PM: (supports S0 S1 S4 S5)
[Sun Jun 18 16:15:45 2023] ACPI: Using IOAPIC for interrupt routing
[Sun Jun 18 16:15:45 2023] PCI: MMCONFIG for domain 0000 [bus 00-7f] at [mem 0xe0000000-0xe7ffffff] (base 0xe0000000)
[Sun Jun 18 16:15:45 2023] PCI: MMCONFIG at [mem 0xe0000000-0xe7ffffff] reserved in ACPI motherboard resources
[Sun Jun 18 16:15:45 2023] PCI: Using host bridge windows from ACPI; if necessary, use "pci=nocrs" and report a bug
[Sun Jun 18 16:15:45 2023] PCI: Using E820 reservations for host bridge windows
[Sun Jun 18 16:15:45 2023] ACPI: Enabled 4 GPEs in block 00 to 0F
[Sun Jun 18 16:15:45 2023] ACPI: PCI Root Bridge [PCI0] (domain 0000 [bus 00-7f])
[Sun Jun 18 16:15:45 2023] acpi PNP0A03:00: _OSC: OS supports [ExtendedConfig ASPM ClockPM Segments MSI EDR HPX-Type3]
[Sun Jun 18 16:15:45 2023] acpi PNP0A03:00: _OSC: platform does not support [AER LTR DPC]
[Sun Jun 18 16:15:45 2023] acpi PNP0A03:00: _OSC: OS now controls [PCIeHotplug SHPCHotplug PME PCIeCapability]
[Sun Jun 18 16:15:45 2023] PCI host bridge to bus 0000:00
[Sun Jun 18 16:15:45 2023] pci_bus 0000:00: root bus resource [bus 00-7f]
[Sun Jun 18 16:15:45 2023] pci_bus 0000:00: root bus resource [io  0x0000-0x0cf7 window]
[Sun Jun 18 16:15:45 2023] pci_bus 0000:00: root bus resource [io  0x0d00-0xffff window]
[Sun Jun 18 16:15:45 2023] pci_bus 0000:00: root bus resource [mem 0x000a0000-0x000bffff window]
[Sun Jun 18 16:15:45 2023] pci_bus 0000:00: root bus resource [mem 0x000c4000-0x000cbfff window]
[Sun Jun 18 16:15:45 2023] pci_bus 0000:00: root bus resource [mem 0x000d4000-0x000dbfff window]
[Sun Jun 18 16:15:45 2023] pci_bus 0000:00: root bus resource [mem 0x000e4000-0x000effff window]
[Sun Jun 18 16:15:45 2023] pci_bus 0000:00: root bus resource [mem 0xc0000000-0xefffffff window]
[Sun Jun 18 16:15:45 2023] pci_bus 0000:00: root bus resource [mem 0xfa500000-0xfebfffff window]
[Sun Jun 18 16:15:45 2023] pci_bus 0000:00: root bus resource [mem 0xfec10000-0xfed3ffff window]
[Sun Jun 18 16:15:45 2023] pci_bus 0000:00: root bus resource [mem 0xfed45000-0xfedfffff window]
[Sun Jun 18 16:15:45 2023] pci_bus 0000:00: root bus resource [mem 0xfef00000-0xffdfffff window]
[Sun Jun 18 16:15:45 2023] pci_bus 0000:00: root bus resource [mem 0xf0000000-0xfa4fffff pref window]
[Sun Jun 18 16:15:45 2023] pci 0000:00:00.0: [8086:7190] type 00 class 0x060000
[Sun Jun 18 16:15:45 2023] pci 0000:00:01.0: [8086:7191] type 01 class 0x060400
[Sun Jun 18 16:15:45 2023] pci 0000:00:07.0: [8086:7110] type 00 class 0x060100
[Sun Jun 18 16:15:45 2023] pci 0000:00:07.1: [8086:7111] type 00 class 0x01018a
[Sun Jun 18 16:15:45 2023] pci 0000:00:07.1: reg 0x20: [io  0x2150-0x215f]
[Sun Jun 18 16:15:45 2023] pci 0000:00:07.1: legacy IDE quirk: reg 0x10: [io  0x01f0-0x01f7]
[Sun Jun 18 16:15:45 2023] pci 0000:00:07.1: legacy IDE quirk: reg 0x14: [io  0x03f6]
[Sun Jun 18 16:15:45 2023] pci 0000:00:07.1: legacy IDE quirk: reg 0x18: [io  0x0170-0x0177]
[Sun Jun 18 16:15:45 2023] pci 0000:00:07.1: legacy IDE quirk: reg 0x1c: [io  0x0376]
[Sun Jun 18 16:15:45 2023] pci 0000:00:07.3: [8086:7113] type 00 class 0x068000
[Sun Jun 18 16:15:45 2023] pci 0000:00:07.3: quirk: [io  0x0440-0x047f] claimed by PIIX4 ACPI
[Sun Jun 18 16:15:45 2023] pci 0000:00:07.7: [15ad:0740] type 00 class 0x088000
[Sun Jun 18 16:15:45 2023] pci 0000:00:07.7: reg 0x10: [io  0x0000-0x003f]
[Sun Jun 18 16:15:45 2023] pci 0000:00:07.7: reg 0x14: [mem 0x00000000-0x0003ffff 64bit]
[Sun Jun 18 16:15:45 2023] pci 0000:00:0f.0: [15ad:0405] type 00 class 0x030000
[Sun Jun 18 16:15:45 2023] pci 0000:00:0f.0: reg 0x10: [io  0x2140-0x214f]
[Sun Jun 18 16:15:45 2023] pci 0000:00:0f.0: reg 0x14: [mem 0xf0000000-0xf7ffffff pref]
[Sun Jun 18 16:15:45 2023] pci 0000:00:0f.0: reg 0x18: [mem 0xfb800000-0xfbffffff]
[Sun Jun 18 16:15:45 2023] pci 0000:00:0f.0: reg 0x30: [mem 0xffff8000-0xffffffff pref]
[Sun Jun 18 16:15:45 2023] pci 0000:00:0f.0: BAR 1: assigned to efifb
[Sun Jun 18 16:15:45 2023] pci 0000:00:0f.0: Video device with shadowed ROM at [mem 0x000c0000-0x000dffff]
[Sun Jun 18 16:15:45 2023] pci 0000:00:10.0: [1000:0030] type 00 class 0x010000
[Sun Jun 18 16:15:45 2023] pci 0000:00:10.0: reg 0x10: [io  0x2000-0x20ff]
[Sun Jun 18 16:15:45 2023] pci 0000:00:10.0: reg 0x14: [mem 0xffbe0000-0xffbfffff 64bit]
[Sun Jun 18 16:15:45 2023] pci 0000:00:10.0: reg 0x1c: [mem 0xffbc0000-0xffbdffff 64bit]
[Sun Jun 18 16:15:45 2023] pci 0000:00:10.0: reg 0x30: [mem 0xffffc000-0xffffffff pref]
[Sun Jun 18 16:15:45 2023] pci 0000:00:11.0: [15ad:0790] type 01 class 0x060401
[Sun Jun 18 16:15:45 2023] pci 0000:00:15.0: [15ad:07a0] type 01 class 0x060400
[Sun Jun 18 16:15:45 2023] pci 0000:00:15.0: PME# supported from D0 D3hot D3cold
[Sun Jun 18 16:15:45 2023] pci 0000:00:15.1: [15ad:07a0] type 01 class 0x060400
[Sun Jun 18 16:15:45 2023] pci 0000:00:15.1: PME# supported from D0 D3hot D3cold
[Sun Jun 18 16:15:45 2023] pci 0000:00:15.2: [15ad:07a0] type 01 class 0x060400
[Sun Jun 18 16:15:45 2023] pci 0000:00:15.2: PME# supported from D0 D3hot D3cold
[Sun Jun 18 16:15:45 2023] pci 0000:00:15.3: [15ad:07a0] type 01 class 0x060400
[Sun Jun 18 16:15:45 2023] pci 0000:00:15.3: PME# supported from D0 D3hot D3cold
[Sun Jun 18 16:15:45 2023] pci 0000:00:15.4: [15ad:07a0] type 01 class 0x060400
[Sun Jun 18 16:15:45 2023] pci 0000:00:15.4: PME# supported from D0 D3hot D3cold
[Sun Jun 18 16:15:45 2023] pci 0000:00:15.5: [15ad:07a0] type 01 class 0x060400
[Sun Jun 18 16:15:45 2023] pci 0000:00:15.5: PME# supported from D0 D3hot D3cold
[Sun Jun 18 16:15:45 2023] pci 0000:00:15.6: [15ad:07a0] type 01 class 0x060400
[Sun Jun 18 16:15:45 2023] pci 0000:00:15.6: PME# supported from D0 D3hot D3cold
[Sun Jun 18 16:15:45 2023] pci 0000:00:15.7: [15ad:07a0] type 01 class 0x060400
[Sun Jun 18 16:15:45 2023] pci 0000:00:15.7: PME# supported from D0 D3hot D3cold
[Sun Jun 18 16:15:45 2023] pci 0000:00:16.0: [15ad:07a0] type 01 class 0x060400
[Sun Jun 18 16:15:45 2023] pci 0000:00:16.0: PME# supported from D0 D3hot D3cold
[Sun Jun 18 16:15:45 2023] pci 0000:00:16.1: [15ad:07a0] type 01 class 0x060400
[Sun Jun 18 16:15:45 2023] pci 0000:00:16.1: PME# supported from D0 D3hot D3cold
[Sun Jun 18 16:15:45 2023] pci 0000:00:16.2: [15ad:07a0] type 01 class 0x060400
[Sun Jun 18 16:15:45 2023] pci 0000:00:16.2: PME# supported from D0 D3hot D3cold
[Sun Jun 18 16:15:45 2023] pci 0000:00:16.3: [15ad:07a0] type 01 class 0x060400
[Sun Jun 18 16:15:45 2023] pci 0000:00:16.3: PME# supported from D0 D3hot D3cold
[Sun Jun 18 16:15:45 2023] pci 0000:00:16.4: [15ad:07a0] type 01 class 0x060400
[Sun Jun 18 16:15:45 2023] pci 0000:00:16.4: PME# supported from D0 D3hot D3cold
[Sun Jun 18 16:15:45 2023] pci 0000:00:16.5: [15ad:07a0] type 01 class 0x060400
[Sun Jun 18 16:15:45 2023] pci 0000:00:16.5: PME# supported from D0 D3hot D3cold
[Sun Jun 18 16:15:45 2023] pci 0000:00:16.6: [15ad:07a0] type 01 class 0x060400
[Sun Jun 18 16:15:45 2023] pci 0000:00:16.6: PME# supported from D0 D3hot D3cold
[Sun Jun 18 16:15:45 2023] pci 0000:00:16.7: [15ad:07a0] type 01 class 0x060400
[Sun Jun 18 16:15:45 2023] pci 0000:00:16.7: PME# supported from D0 D3hot D3cold
[Sun Jun 18 16:15:45 2023] pci 0000:00:17.0: [15ad:07a0] type 01 class 0x060400
[Sun Jun 18 16:15:45 2023] pci 0000:00:17.0: PME# supported from D0 D3hot D3cold
[Sun Jun 18 16:15:45 2023] pci 0000:00:17.1: [15ad:07a0] type 01 class 0x060400
[Sun Jun 18 16:15:45 2023] pci 0000:00:17.1: PME# supported from D0 D3hot D3cold
[Sun Jun 18 16:15:45 2023] pci 0000:00:17.2: [15ad:07a0] type 01 class 0x060400
[Sun Jun 18 16:15:45 2023] pci 0000:00:17.2: PME# supported from D0 D3hot D3cold
[Sun Jun 18 16:15:45 2023] pci 0000:00:17.3: [15ad:07a0] type 01 class 0x060400
[Sun Jun 18 16:15:45 2023] pci 0000:00:17.3: PME# supported from D0 D3hot D3cold
[Sun Jun 18 16:15:45 2023] pci 0000:00:17.4: [15ad:07a0] type 01 class 0x060400
[Sun Jun 18 16:15:45 2023] pci 0000:00:17.4: PME# supported from D0 D3hot D3cold
[Sun Jun 18 16:15:45 2023] pci 0000:00:17.5: [15ad:07a0] type 01 class 0x060400
[Sun Jun 18 16:15:45 2023] pci 0000:00:17.5: PME# supported from D0 D3hot D3cold
[Sun Jun 18 16:15:45 2023] pci 0000:00:17.6: [15ad:07a0] type 01 class 0x060400
[Sun Jun 18 16:15:45 2023] pci 0000:00:17.6: PME# supported from D0 D3hot D3cold
[Sun Jun 18 16:15:45 2023] pci 0000:00:17.7: [15ad:07a0] type 01 class 0x060400
[Sun Jun 18 16:15:45 2023] pci 0000:00:17.7: PME# supported from D0 D3hot D3cold
[Sun Jun 18 16:15:45 2023] pci 0000:00:18.0: [15ad:07a0] type 01 class 0x060400
[Sun Jun 18 16:15:45 2023] pci 0000:00:18.0: PME# supported from D0 D3hot D3cold
[Sun Jun 18 16:15:45 2023] pci 0000:00:18.1: [15ad:07a0] type 01 class 0x060400
[Sun Jun 18 16:15:45 2023] pci 0000:00:18.1: PME# supported from D0 D3hot D3cold
[Sun Jun 18 16:15:45 2023] pci 0000:00:18.2: [15ad:07a0] type 01 class 0x060400
[Sun Jun 18 16:15:45 2023] pci 0000:00:18.2: PME# supported from D0 D3hot D3cold
[Sun Jun 18 16:15:45 2023] pci 0000:00:18.3: [15ad:07a0] type 01 class 0x060400
[Sun Jun 18 16:15:45 2023] pci 0000:00:18.3: PME# supported from D0 D3hot D3cold
[Sun Jun 18 16:15:45 2023] pci 0000:00:18.4: [15ad:07a0] type 01 class 0x060400
[Sun Jun 18 16:15:45 2023] pci 0000:00:18.4: PME# supported from D0 D3hot D3cold
[Sun Jun 18 16:15:45 2023] pci 0000:00:18.5: [15ad:07a0] type 01 class 0x060400
[Sun Jun 18 16:15:45 2023] pci 0000:00:18.5: PME# supported from D0 D3hot D3cold
[Sun Jun 18 16:15:45 2023] pci 0000:00:18.6: [15ad:07a0] type 01 class 0x060400
[Sun Jun 18 16:15:45 2023] pci 0000:00:18.6: PME# supported from D0 D3hot D3cold
[Sun Jun 18 16:15:45 2023] pci 0000:00:18.7: [15ad:07a0] type 01 class 0x060400
[Sun Jun 18 16:15:45 2023] pci 0000:00:18.7: PME# supported from D0 D3hot D3cold
[Sun Jun 18 16:15:45 2023] pci_bus 0000:01: extended config space not accessible
[Sun Jun 18 16:15:45 2023] pci 0000:00:01.0: PCI bridge to [bus 01]
[Sun Jun 18 16:15:45 2023] pci_bus 0000:02: extended config space not accessible
[Sun Jun 18 16:15:45 2023] acpiphp: Slot [32] registered
[Sun Jun 18 16:15:45 2023] acpiphp: Slot [33] registered
[Sun Jun 18 16:15:45 2023] acpiphp: Slot [34] registered
[Sun Jun 18 16:15:45 2023] acpiphp: Slot [35] registered
[Sun Jun 18 16:15:45 2023] acpiphp: Slot [36] registered
[Sun Jun 18 16:15:45 2023] acpiphp: Slot [37] registered
[Sun Jun 18 16:15:45 2023] acpiphp: Slot [38] registered
[Sun Jun 18 16:15:45 2023] acpiphp: Slot [39] registered
[Sun Jun 18 16:15:45 2023] acpiphp: Slot [40] registered
[Sun Jun 18 16:15:45 2023] acpiphp: Slot [41] registered
[Sun Jun 18 16:15:45 2023] acpiphp: Slot [42] registered
[Sun Jun 18 16:15:45 2023] acpiphp: Slot [43] registered
[Sun Jun 18 16:15:45 2023] acpiphp: Slot [44] registered
[Sun Jun 18 16:15:45 2023] acpiphp: Slot [45] registered
[Sun Jun 18 16:15:45 2023] acpiphp: Slot [46] registered
[Sun Jun 18 16:15:45 2023] acpiphp: Slot [47] registered
[Sun Jun 18 16:15:45 2023] acpiphp: Slot [48] registered
[Sun Jun 18 16:15:45 2023] acpiphp: Slot [49] registered
[Sun Jun 18 16:15:45 2023] acpiphp: Slot [50] registered
[Sun Jun 18 16:15:45 2023] acpiphp: Slot [51] registered
[Sun Jun 18 16:15:45 2023] acpiphp: Slot [52] registered
[Sun Jun 18 16:15:45 2023] acpiphp: Slot [53] registered
[Sun Jun 18 16:15:45 2023] acpiphp: Slot [54] registered
[Sun Jun 18 16:15:45 2023] acpiphp: Slot [55] registered
[Sun Jun 18 16:15:45 2023] acpiphp: Slot [56] registered
[Sun Jun 18 16:15:45 2023] acpiphp: Slot [57] registered
[Sun Jun 18 16:15:45 2023] acpiphp: Slot [58] registered
[Sun Jun 18 16:15:45 2023] acpiphp: Slot [59] registered
[Sun Jun 18 16:15:45 2023] acpiphp: Slot [60] registered
[Sun Jun 18 16:15:45 2023] acpiphp: Slot [61] registered
[Sun Jun 18 16:15:45 2023] acpiphp: Slot [62] registered
[Sun Jun 18 16:15:45 2023] acpiphp: Slot [63] registered
[Sun Jun 18 16:15:45 2023] pci 0000:02:00.0: [15ad:0774] type 00 class 0x0c0300
[Sun Jun 18 16:15:45 2023] pci 0000:02:00.0: reg 0x20: [io  0x1080-0x109f]
[Sun Jun 18 16:15:45 2023] pci 0000:02:01.0: [8086:100f] type 00 class 0x020000
[Sun Jun 18 16:15:45 2023] pci 0000:02:01.0: reg 0x10: [mem 0xfc000000-0xfc01ffff 64bit]
[Sun Jun 18 16:15:45 2023] pci 0000:02:01.0: reg 0x18: [mem 0xfc020000-0xfc02ffff 64bit]
[Sun Jun 18 16:15:45 2023] pci 0000:02:01.0: reg 0x20: [io  0x1040-0x107f]
[Sun Jun 18 16:15:45 2023] pci 0000:02:01.0: reg 0x30: [mem 0xffff0000-0xffffffff pref]
[Sun Jun 18 16:15:45 2023] pci 0000:02:01.0: PME# supported from D0 D3hot D3cold
[Sun Jun 18 16:15:45 2023] pci 0000:02:02.0: [1274:1371] type 00 class 0x040100
[Sun Jun 18 16:15:45 2023] pci 0000:02:02.0: reg 0x10: [io  0x1000-0x103f]
[Sun Jun 18 16:15:45 2023] pci 0000:02:03.0: [15ad:0770] type 00 class 0x0c0320
[Sun Jun 18 16:15:45 2023] pci 0000:02:03.0: reg 0x10: [mem 0xfc051000-0xfc051fff]
[Sun Jun 18 16:15:45 2023] pci 0000:02:04.0: [15ad:07e0] type 00 class 0x010601
[Sun Jun 18 16:15:45 2023] pci 0000:02:04.0: reg 0x24: [mem 0xfc050000-0xfc050fff]
[Sun Jun 18 16:15:45 2023] pci 0000:02:04.0: reg 0x30: [mem 0xffff0000-0xffffffff pref]
[Sun Jun 18 16:15:45 2023] pci 0000:02:04.0: PME# supported from D3hot
[Sun Jun 18 16:15:45 2023] pci 0000:00:11.0: PCI bridge to [bus 02] (subtractive decode)
[Sun Jun 18 16:15:45 2023] pci 0000:00:11.0:   bridge window [io  0x1000-0x1fff]
[Sun Jun 18 16:15:45 2023] pci 0000:00:11.0:   bridge window [mem 0xfc000000-0xfc9fffff]
[Sun Jun 18 16:15:45 2023] pci 0000:00:11.0:   bridge window [mem 0xf8000000-0xf84fffff 64bit pref]
[Sun Jun 18 16:15:45 2023] pci 0000:00:11.0:   bridge window [io  0x0000-0x0cf7 window] (subtractive decode)
[Sun Jun 18 16:15:45 2023] pci 0000:00:11.0:   bridge window [io  0x0d00-0xffff window] (subtractive decode)
[Sun Jun 18 16:15:45 2023] pci 0000:00:11.0:   bridge window [mem 0x000a0000-0x000bffff window] (subtractive decode)
[Sun Jun 18 16:15:45 2023] pci 0000:00:11.0:   bridge window [mem 0x000c4000-0x000cbfff window] (subtractive decode)
[Sun Jun 18 16:15:45 2023] pci 0000:00:11.0:   bridge window [mem 0x000d4000-0x000dbfff window] (subtractive decode)
[Sun Jun 18 16:15:45 2023] pci 0000:00:11.0:   bridge window [mem 0x000e4000-0x000effff window] (subtractive decode)
[Sun Jun 18 16:15:45 2023] pci 0000:00:11.0:   bridge window [mem 0xc0000000-0xefffffff window] (subtractive decode)
[Sun Jun 18 16:15:45 2023] pci 0000:00:11.0:   bridge window [mem 0xfa500000-0xfebfffff window] (subtractive decode)
[Sun Jun 18 16:15:45 2023] pci 0000:00:11.0:   bridge window [mem 0xfec10000-0xfed3ffff window] (subtractive decode)
[Sun Jun 18 16:15:45 2023] pci 0000:00:11.0:   bridge window [mem 0xfed45000-0xfedfffff window] (subtractive decode)
[Sun Jun 18 16:15:45 2023] pci 0000:00:11.0:   bridge window [mem 0xfef00000-0xffdfffff window] (subtractive decode)
[Sun Jun 18 16:15:45 2023] pci 0000:00:11.0:   bridge window [mem 0xf0000000-0xfa4fffff pref window] (subtractive decode)
[Sun Jun 18 16:15:45 2023] pci 0000:00:15.0: PCI bridge to [bus 03]
[Sun Jun 18 16:15:45 2023] pci 0000:00:15.0:   bridge window [mem 0xfea00000-0xfeafffff]
[Sun Jun 18 16:15:45 2023] pci 0000:00:15.0:   bridge window [mem 0xfa400000-0xfa4fffff 64bit pref]
[Sun Jun 18 16:15:46 2023] pci 0000:00:15.1: PCI bridge to [bus 04]
[Sun Jun 18 16:15:46 2023] pci 0000:00:15.1:   bridge window [mem 0xfe900000-0xfe9fffff]
[Sun Jun 18 16:15:46 2023] pci 0000:00:15.1:   bridge window [mem 0xfa300000-0xfa3fffff 64bit pref]
[Sun Jun 18 16:15:46 2023] pci 0000:00:15.2: PCI bridge to [bus 05]
[Sun Jun 18 16:15:46 2023] pci 0000:00:15.2:   bridge window [mem 0xfe800000-0xfe8fffff]
[Sun Jun 18 16:15:46 2023] pci 0000:00:15.2:   bridge window [mem 0xfa200000-0xfa2fffff 64bit pref]
[Sun Jun 18 16:15:46 2023] pci 0000:00:15.3: PCI bridge to [bus 06]
[Sun Jun 18 16:15:46 2023] pci 0000:00:15.3:   bridge window [mem 0xfe700000-0xfe7fffff]
[Sun Jun 18 16:15:46 2023] pci 0000:00:15.3:   bridge window [mem 0xfa100000-0xfa1fffff 64bit pref]
[Sun Jun 18 16:15:46 2023] pci 0000:00:15.4: PCI bridge to [bus 07]
[Sun Jun 18 16:15:46 2023] pci 0000:00:15.4:   bridge window [mem 0xfe600000-0xfe6fffff]
[Sun Jun 18 16:15:46 2023] pci 0000:00:15.4:   bridge window [mem 0xfa000000-0xfa0fffff 64bit pref]
[Sun Jun 18 16:15:46 2023] pci 0000:00:15.5: PCI bridge to [bus 08]
[Sun Jun 18 16:15:46 2023] pci 0000:00:15.5:   bridge window [mem 0xfe500000-0xfe5fffff]
[Sun Jun 18 16:15:46 2023] pci 0000:00:15.5:   bridge window [mem 0xf9f00000-0xf9ffffff 64bit pref]
[Sun Jun 18 16:15:46 2023] pci 0000:00:15.6: PCI bridge to [bus 09]
[Sun Jun 18 16:15:46 2023] pci 0000:00:15.6:   bridge window [mem 0xfe400000-0xfe4fffff]
[Sun Jun 18 16:15:46 2023] pci 0000:00:15.6:   bridge window [mem 0xf9e00000-0xf9efffff 64bit pref]
[Sun Jun 18 16:15:46 2023] pci 0000:00:15.7: PCI bridge to [bus 0a]
[Sun Jun 18 16:15:46 2023] pci 0000:00:15.7:   bridge window [mem 0xfe300000-0xfe3fffff]
[Sun Jun 18 16:15:46 2023] pci 0000:00:15.7:   bridge window [mem 0xf9d00000-0xf9dfffff 64bit pref]
[Sun Jun 18 16:15:46 2023] pci 0000:00:16.0: PCI bridge to [bus 0b]
[Sun Jun 18 16:15:46 2023] pci 0000:00:16.0:   bridge window [mem 0xfe200000-0xfe2fffff]
[Sun Jun 18 16:15:46 2023] pci 0000:00:16.0:   bridge window [mem 0xf9c00000-0xf9cfffff 64bit pref]
[Sun Jun 18 16:15:46 2023] pci 0000:00:16.1: PCI bridge to [bus 0c]
[Sun Jun 18 16:15:46 2023] pci 0000:00:16.1:   bridge window [mem 0xfe100000-0xfe1fffff]
[Sun Jun 18 16:15:46 2023] pci 0000:00:16.1:   bridge window [mem 0xf9b00000-0xf9bfffff 64bit pref]
[Sun Jun 18 16:15:46 2023] pci 0000:00:16.2: PCI bridge to [bus 0d]
[Sun Jun 18 16:15:46 2023] pci 0000:00:16.2:   bridge window [mem 0xfe000000-0xfe0fffff]
[Sun Jun 18 16:15:46 2023] pci 0000:00:16.2:   bridge window [mem 0xf9a00000-0xf9afffff 64bit pref]
[Sun Jun 18 16:15:46 2023] pci 0000:00:16.3: PCI bridge to [bus 0e]
[Sun Jun 18 16:15:46 2023] pci 0000:00:16.3:   bridge window [mem 0xfdf00000-0xfdffffff]
[Sun Jun 18 16:15:46 2023] pci 0000:00:16.3:   bridge window [mem 0xf9900000-0xf99fffff 64bit pref]
[Sun Jun 18 16:15:46 2023] pci 0000:00:16.4: PCI bridge to [bus 0f]
[Sun Jun 18 16:15:46 2023] pci 0000:00:16.4:   bridge window [mem 0xfde00000-0xfdefffff]
[Sun Jun 18 16:15:46 2023] pci 0000:00:16.4:   bridge window [mem 0xf9800000-0xf98fffff 64bit pref]
[Sun Jun 18 16:15:46 2023] pci 0000:00:16.5: PCI bridge to [bus 10]
[Sun Jun 18 16:15:46 2023] pci 0000:00:16.5:   bridge window [mem 0xfdd00000-0xfddfffff]
[Sun Jun 18 16:15:46 2023] pci 0000:00:16.5:   bridge window [mem 0xf9700000-0xf97fffff 64bit pref]
[Sun Jun 18 16:15:46 2023] pci 0000:00:16.6: PCI bridge to [bus 11]
[Sun Jun 18 16:15:46 2023] pci 0000:00:16.6:   bridge window [mem 0xfdc00000-0xfdcfffff]
[Sun Jun 18 16:15:46 2023] pci 0000:00:16.6:   bridge window [mem 0xf9600000-0xf96fffff 64bit pref]
[Sun Jun 18 16:15:46 2023] pci 0000:00:16.7: PCI bridge to [bus 12]
[Sun Jun 18 16:15:46 2023] pci 0000:00:16.7:   bridge window [mem 0xfdb00000-0xfdbfffff]
[Sun Jun 18 16:15:46 2023] pci 0000:00:16.7:   bridge window [mem 0xf9500000-0xf95fffff 64bit pref]
[Sun Jun 18 16:15:46 2023] pci 0000:00:17.0: PCI bridge to [bus 13]
[Sun Jun 18 16:15:46 2023] pci 0000:00:17.0:   bridge window [mem 0xfda00000-0xfdafffff]
[Sun Jun 18 16:15:46 2023] pci 0000:00:17.0:   bridge window [mem 0xf9400000-0xf94fffff 64bit pref]
[Sun Jun 18 16:15:46 2023] pci 0000:00:17.1: PCI bridge to [bus 14]
[Sun Jun 18 16:15:46 2023] pci 0000:00:17.1:   bridge window [mem 0xfd900000-0xfd9fffff]
[Sun Jun 18 16:15:46 2023] pci 0000:00:17.1:   bridge window [mem 0xf9300000-0xf93fffff 64bit pref]
[Sun Jun 18 16:15:47 2023] pci 0000:00:17.2: PCI bridge to [bus 15]
[Sun Jun 18 16:15:47 2023] pci 0000:00:17.2:   bridge window [mem 0xfd800000-0xfd8fffff]
[Sun Jun 18 16:15:47 2023] pci 0000:00:17.2:   bridge window [mem 0xf9200000-0xf92fffff 64bit pref]
[Sun Jun 18 16:15:47 2023] pci 0000:00:17.3: PCI bridge to [bus 16]
[Sun Jun 18 16:15:47 2023] pci 0000:00:17.3:   bridge window [mem 0xfd700000-0xfd7fffff]
[Sun Jun 18 16:15:47 2023] pci 0000:00:17.3:   bridge window [mem 0xf9100000-0xf91fffff 64bit pref]
[Sun Jun 18 16:15:47 2023] pci 0000:00:17.4: PCI bridge to [bus 17]
[Sun Jun 18 16:15:47 2023] pci 0000:00:17.4:   bridge window [mem 0xfd600000-0xfd6fffff]
[Sun Jun 18 16:15:47 2023] pci 0000:00:17.4:   bridge window [mem 0xf9000000-0xf90fffff 64bit pref]
[Sun Jun 18 16:15:47 2023] pci 0000:00:17.5: PCI bridge to [bus 18]
[Sun Jun 18 16:15:47 2023] pci 0000:00:17.5:   bridge window [mem 0xfd500000-0xfd5fffff]
[Sun Jun 18 16:15:47 2023] pci 0000:00:17.5:   bridge window [mem 0xf8f00000-0xf8ffffff 64bit pref]
[Sun Jun 18 16:15:47 2023] pci 0000:00:17.6: PCI bridge to [bus 19]
[Sun Jun 18 16:15:47 2023] pci 0000:00:17.6:   bridge window [mem 0xfd400000-0xfd4fffff]
[Sun Jun 18 16:15:47 2023] pci 0000:00:17.6:   bridge window [mem 0xf8e00000-0xf8efffff 64bit pref]
[Sun Jun 18 16:15:47 2023] pci 0000:00:17.7: PCI bridge to [bus 1a]
[Sun Jun 18 16:15:47 2023] pci 0000:00:17.7:   bridge window [mem 0xfd300000-0xfd3fffff]
[Sun Jun 18 16:15:47 2023] pci 0000:00:17.7:   bridge window [mem 0xf8d00000-0xf8dfffff 64bit pref]
[Sun Jun 18 16:15:47 2023] pci 0000:00:18.0: PCI bridge to [bus 1b]
[Sun Jun 18 16:15:47 2023] pci 0000:00:18.0:   bridge window [mem 0xfd200000-0xfd2fffff]
[Sun Jun 18 16:15:47 2023] pci 0000:00:18.0:   bridge window [mem 0xf8c00000-0xf8cfffff 64bit pref]
[Sun Jun 18 16:15:47 2023] pci 0000:00:18.1: PCI bridge to [bus 1c]
[Sun Jun 18 16:15:47 2023] pci 0000:00:18.1:   bridge window [mem 0xfd100000-0xfd1fffff]
[Sun Jun 18 16:15:47 2023] pci 0000:00:18.1:   bridge window [mem 0xf8b00000-0xf8bfffff 64bit pref]
[Sun Jun 18 16:15:47 2023] pci 0000:00:18.2: PCI bridge to [bus 1d]
[Sun Jun 18 16:15:47 2023] pci 0000:00:18.2:   bridge window [mem 0xfd000000-0xfd0fffff]
[Sun Jun 18 16:15:47 2023] pci 0000:00:18.2:   bridge window [mem 0xf8a00000-0xf8afffff 64bit pref]
[Sun Jun 18 16:15:47 2023] pci 0000:00:18.3: PCI bridge to [bus 1e]
[Sun Jun 18 16:15:47 2023] pci 0000:00:18.3:   bridge window [mem 0xfcf00000-0xfcffffff]
[Sun Jun 18 16:15:47 2023] pci 0000:00:18.3:   bridge window [mem 0xf8900000-0xf89fffff 64bit pref]
[Sun Jun 18 16:15:47 2023] pci 0000:00:18.4: PCI bridge to [bus 1f]
[Sun Jun 18 16:15:47 2023] pci 0000:00:18.4:   bridge window [mem 0xfce00000-0xfcefffff]
[Sun Jun 18 16:15:47 2023] pci 0000:00:18.4:   bridge window [mem 0xf8800000-0xf88fffff 64bit pref]
[Sun Jun 18 16:15:47 2023] pci 0000:00:18.5: PCI bridge to [bus 20]
[Sun Jun 18 16:15:47 2023] pci 0000:00:18.5:   bridge window [mem 0xfcd00000-0xfcdfffff]
[Sun Jun 18 16:15:47 2023] pci 0000:00:18.5:   bridge window [mem 0xf8700000-0xf87fffff 64bit pref]
[Sun Jun 18 16:15:47 2023] pci 0000:00:18.6: PCI bridge to [bus 21]
[Sun Jun 18 16:15:47 2023] pci 0000:00:18.6:   bridge window [mem 0xfcc00000-0xfccfffff]
[Sun Jun 18 16:15:47 2023] pci 0000:00:18.6:   bridge window [mem 0xf8600000-0xf86fffff 64bit pref]
[Sun Jun 18 16:15:47 2023] pci 0000:00:18.7: PCI bridge to [bus 22]
[Sun Jun 18 16:15:47 2023] pci 0000:00:18.7:   bridge window [mem 0xfcb00000-0xfcbfffff]
[Sun Jun 18 16:15:47 2023] pci 0000:00:18.7:   bridge window [mem 0xf8500000-0xf85fffff 64bit pref]
[Sun Jun 18 16:15:47 2023] ACPI: PCI: Interrupt link LNKA configured for IRQ 0
[Sun Jun 18 16:15:47 2023] ACPI: PCI: Interrupt link LNKA disabled
[Sun Jun 18 16:15:47 2023] ACPI: PCI: Interrupt link LNKB configured for IRQ 0
[Sun Jun 18 16:15:47 2023] ACPI: PCI: Interrupt link LNKB disabled
[Sun Jun 18 16:15:47 2023] ACPI: PCI: Interrupt link LNKC configured for IRQ 0
[Sun Jun 18 16:15:47 2023] ACPI: PCI: Interrupt link LNKC disabled
[Sun Jun 18 16:15:47 2023] ACPI: PCI: Interrupt link LNKD configured for IRQ 0
[Sun Jun 18 16:15:47 2023] ACPI: PCI: Interrupt link LNKD disabled
[Sun Jun 18 16:15:47 2023] iommu: Default domain type: Translated 
[Sun Jun 18 16:15:47 2023] iommu: DMA domain TLB invalidation policy: lazy mode 
[Sun Jun 18 16:15:47 2023] SCSI subsystem initialized
[Sun Jun 18 16:15:47 2023] libata version 3.00 loaded.
[Sun Jun 18 16:15:47 2023] pci 0000:00:0f.0: vgaarb: setting as boot VGA device
[Sun Jun 18 16:15:47 2023] pci 0000:00:0f.0: vgaarb: VGA device added: decodes=io+mem,owns=io+mem,locks=none
[Sun Jun 18 16:15:47 2023] pci 0000:00:0f.0: vgaarb: bridge control possible
[Sun Jun 18 16:15:47 2023] vgaarb: loaded
[Sun Jun 18 16:15:47 2023] ACPI: bus type USB registered
[Sun Jun 18 16:15:47 2023] usbcore: registered new interface driver usbfs
[Sun Jun 18 16:15:47 2023] usbcore: registered new interface driver hub
[Sun Jun 18 16:15:47 2023] usbcore: registered new device driver usb
[Sun Jun 18 16:15:47 2023] pps_core: LinuxPPS API ver. 1 registered
[Sun Jun 18 16:15:47 2023] pps_core: Software ver. 5.3.6 - Copyright 2005-2007 Rodolfo Giometti <giometti@linux.it>
[Sun Jun 18 16:15:47 2023] PTP clock support registered
[Sun Jun 18 16:15:47 2023] EDAC MC: Ver: 3.0.0
[Sun Jun 18 16:15:47 2023] Registered efivars operations
[Sun Jun 18 16:15:47 2023] NetLabel: Initializing
[Sun Jun 18 16:15:47 2023] NetLabel:  domain hash size = 128
[Sun Jun 18 16:15:47 2023] NetLabel:  protocols = UNLABELED CIPSOv4 CALIPSO
[Sun Jun 18 16:15:47 2023] NetLabel:  unlabeled traffic allowed by default
[Sun Jun 18 16:15:47 2023] PCI: Using ACPI for IRQ routing
[Sun Jun 18 16:15:48 2023] PCI: pci_cache_line_size set to 64 bytes
[Sun Jun 18 16:15:48 2023] e820: reserve RAM buffer [mem 0x06c68018-0x07ffffff]
[Sun Jun 18 16:15:48 2023] e820: reserve RAM buffer [mem 0x06c6b018-0x07ffffff]
[Sun Jun 18 16:15:48 2023] e820: reserve RAM buffer [mem 0x06c6d018-0x07ffffff]
[Sun Jun 18 16:15:48 2023] e820: reserve RAM buffer [mem 0x06c70018-0x07ffffff]
[Sun Jun 18 16:15:48 2023] e820: reserve RAM buffer [mem 0x0e02f000-0x0fffffff]
[Sun Jun 18 16:15:48 2023] e820: reserve RAM buffer [mem 0x0e04f000-0x0fffffff]
[Sun Jun 18 16:15:48 2023] e820: reserve RAM buffer [mem 0x0fb6f000-0x0fffffff]
[Sun Jun 18 16:15:48 2023] e820: reserve RAM buffer [mem 0x17b000000-0x17bffffff]
[Sun Jun 18 16:15:48 2023] hpet0: at MMIO 0xfed00000, IRQs 2, 8, 0, 0, 0, 0, 0, 0, 0, 0, 0, 0, 0, 0, 0, 0
[Sun Jun 18 16:15:48 2023] hpet0: 16 comparators, 64-bit 14.318180 MHz counter
[Sun Jun 18 16:15:48 2023] clocksource: Switched to clocksource tsc-early
[Sun Jun 18 16:15:48 2023] VFS: Disk quotas dquot_6.6.0
[Sun Jun 18 16:15:48 2023] VFS: Dquot-cache hash table entries: 512 (order 0, 4096 bytes)
[Sun Jun 18 16:15:48 2023] AppArmor: AppArmor Filesystem Enabled
[Sun Jun 18 16:15:48 2023] pnp: PnP ACPI init
[Sun Jun 18 16:15:48 2023] pnp 00:00: disabling [io  0x0010-0x001f] because it overlaps 0000:00:07.7 BAR 0 [io  0x0000-0x003f]
[Sun Jun 18 16:15:48 2023] pnp 00:00: disabling [io  0x0024-0x0025] because it overlaps 0000:00:07.7 BAR 0 [io  0x0000-0x003f]
[Sun Jun 18 16:15:48 2023] pnp 00:00: disabling [io  0x0028-0x0029] because it overlaps 0000:00:07.7 BAR 0 [io  0x0000-0x003f]
[Sun Jun 18 16:15:48 2023] pnp 00:00: disabling [io  0x002c-0x002d] because it overlaps 0000:00:07.7 BAR 0 [io  0x0000-0x003f]
[Sun Jun 18 16:15:48 2023] pnp 00:00: disabling [io  0x002e-0x002f] because it overlaps 0000:00:07.7 BAR 0 [io  0x0000-0x003f]
[Sun Jun 18 16:15:48 2023] pnp 00:00: disabling [io  0x0030-0x0031] because it overlaps 0000:00:07.7 BAR 0 [io  0x0000-0x003f]
[Sun Jun 18 16:15:48 2023] pnp 00:00: disabling [io  0x0034-0x0035] because it overlaps 0000:00:07.7 BAR 0 [io  0x0000-0x003f]
[Sun Jun 18 16:15:48 2023] pnp 00:00: disabling [io  0x0038-0x0039] because it overlaps 0000:00:07.7 BAR 0 [io  0x0000-0x003f]
[Sun Jun 18 16:15:48 2023] pnp 00:00: disabling [io  0x003c-0x003d] because it overlaps 0000:00:07.7 BAR 0 [io  0x0000-0x003f]
[Sun Jun 18 16:15:48 2023] pnp 00:00: disabling [io  0x0000-0x000f] because it overlaps 0000:00:07.7 BAR 0 [io  0x0000-0x003f]
[Sun Jun 18 16:15:48 2023] system 00:00: [io  0x0440-0x047f] has been reserved
[Sun Jun 18 16:15:48 2023] system 00:00: [io  0x5658-0x5659] has been reserved
[Sun Jun 18 16:15:48 2023] system 00:00: [io  0x5670] has been reserved
[Sun Jun 18 16:15:48 2023] system 00:00: [io  0x0cf0-0x0cf1] has been reserved
[Sun Jun 18 16:15:48 2023] system 00:04: [mem 0xfed00000-0xfed003ff] has been reserved
[Sun Jun 18 16:15:48 2023] system 00:06: [io  0x0400-0x041f] has been reserved
[Sun Jun 18 16:15:48 2023] system 00:06: [mem 0xe0000000-0xe7ffffff] has been reserved
[Sun Jun 18 16:15:48 2023] system 00:06: [mem 0xffc00000-0xffdfffff] could not be reserved
[Sun Jun 18 16:15:48 2023] pnp: PnP ACPI: found 7 devices
[Sun Jun 18 16:15:48 2023] clocksource: acpi_pm: mask: 0xffffff max_cycles: 0xffffff, max_idle_ns: 2085701024 ns
[Sun Jun 18 16:15:48 2023] NET: Registered PF_INET protocol family
[Sun Jun 18 16:15:48 2023] IP idents hash table entries: 131072 (order: 8, 1048576 bytes, linear)
[Sun Jun 18 16:15:48 2023] tcp_listen_portaddr_hash hash table entries: 4096 (order: 4, 65536 bytes, linear)
[Sun Jun 18 16:15:48 2023] Table-perturb hash table entries: 65536 (order: 6, 262144 bytes, linear)
[Sun Jun 18 16:15:48 2023] TCP established hash table entries: 65536 (order: 7, 524288 bytes, linear)
[Sun Jun 18 16:15:48 2023] TCP bind hash table entries: 65536 (order: 8, 1048576 bytes, linear)
[Sun Jun 18 16:15:48 2023] TCP: Hash tables configured (established 65536 bind 65536)
[Sun Jun 18 16:15:48 2023] MPTCP token hash table entries: 8192 (order: 5, 196608 bytes, linear)
[Sun Jun 18 16:15:48 2023] UDP hash table entries: 4096 (order: 5, 131072 bytes, linear)
[Sun Jun 18 16:15:48 2023] UDP-Lite hash table entries: 4096 (order: 5, 131072 bytes, linear)
[Sun Jun 18 16:15:48 2023] NET: Registered PF_UNIX/PF_LOCAL protocol family
[Sun Jun 18 16:15:48 2023] NET: Registered PF_XDP protocol family
[Sun Jun 18 16:15:48 2023] pci 0000:00:10.0: can't claim BAR 6 [mem 0xffffc000-0xffffffff pref]: no compatible bridge window
[Sun Jun 18 16:15:48 2023] pci 0000:02:01.0: can't claim BAR 6 [mem 0xffff0000-0xffffffff pref]: no compatible bridge window
[Sun Jun 18 16:15:48 2023] pci 0000:02:04.0: can't claim BAR 6 [mem 0xffff0000-0xffffffff pref]: no compatible bridge window
[Sun Jun 18 16:15:48 2023] pci 0000:00:15.0: bridge window [io  0x1000-0x0fff] to [bus 03] add_size 1000
[Sun Jun 18 16:15:48 2023] pci 0000:00:15.1: bridge window [io  0x1000-0x0fff] to [bus 04] add_size 1000
[Sun Jun 18 16:15:48 2023] pci 0000:00:15.2: bridge window [io  0x1000-0x0fff] to [bus 05] add_size 1000
[Sun Jun 18 16:15:48 2023] pci 0000:00:15.3: bridge window [io  0x1000-0x0fff] to [bus 06] add_size 1000
[Sun Jun 18 16:15:48 2023] pci 0000:00:15.4: bridge window [io  0x1000-0x0fff] to [bus 07] add_size 1000
[Sun Jun 18 16:15:48 2023] pci 0000:00:15.5: bridge window [io  0x1000-0x0fff] to [bus 08] add_size 1000
[Sun Jun 18 16:15:48 2023] pci 0000:00:15.6: bridge window [io  0x1000-0x0fff] to [bus 09] add_size 1000
[Sun Jun 18 16:15:48 2023] pci 0000:00:15.7: bridge window [io  0x1000-0x0fff] to [bus 0a] add_size 1000
[Sun Jun 18 16:15:48 2023] pci 0000:00:16.0: bridge window [io  0x1000-0x0fff] to [bus 0b] add_size 1000
[Sun Jun 18 16:15:48 2023] pci 0000:00:16.1: bridge window [io  0x1000-0x0fff] to [bus 0c] add_size 1000
[Sun Jun 18 16:15:48 2023] pci 0000:00:16.2: bridge window [io  0x1000-0x0fff] to [bus 0d] add_size 1000
[Sun Jun 18 16:15:48 2023] pci 0000:00:16.3: bridge window [io  0x1000-0x0fff] to [bus 0e] add_size 1000
[Sun Jun 18 16:15:48 2023] pci 0000:00:16.4: bridge window [io  0x1000-0x0fff] to [bus 0f] add_size 1000
[Sun Jun 18 16:15:48 2023] pci 0000:00:16.5: bridge window [io  0x1000-0x0fff] to [bus 10] add_size 1000
[Sun Jun 18 16:15:48 2023] pci 0000:00:16.6: bridge window [io  0x1000-0x0fff] to [bus 11] add_size 1000
[Sun Jun 18 16:15:48 2023] pci 0000:00:16.7: bridge window [io  0x1000-0x0fff] to [bus 12] add_size 1000
[Sun Jun 18 16:15:48 2023] pci 0000:00:17.0: bridge window [io  0x1000-0x0fff] to [bus 13] add_size 1000
[Sun Jun 18 16:15:48 2023] pci 0000:00:17.1: bridge window [io  0x1000-0x0fff] to [bus 14] add_size 1000
[Sun Jun 18 16:15:48 2023] pci 0000:00:17.2: bridge window [io  0x1000-0x0fff] to [bus 15] add_size 1000
[Sun Jun 18 16:15:48 2023] pci 0000:00:17.3: bridge window [io  0x1000-0x0fff] to [bus 16] add_size 1000
[Sun Jun 18 16:15:48 2023] pci 0000:00:17.4: bridge window [io  0x1000-0x0fff] to [bus 17] add_size 1000
[Sun Jun 18 16:15:48 2023] pci 0000:00:17.5: bridge window [io  0x1000-0x0fff] to [bus 18] add_size 1000
[Sun Jun 18 16:15:48 2023] pci 0000:00:17.6: bridge window [io  0x1000-0x0fff] to [bus 19] add_size 1000
[Sun Jun 18 16:15:48 2023] pci 0000:00:17.7: bridge window [io  0x1000-0x0fff] to [bus 1a] add_size 1000
[Sun Jun 18 16:15:48 2023] pci 0000:00:18.0: bridge window [io  0x1000-0x0fff] to [bus 1b] add_size 1000
[Sun Jun 18 16:15:48 2023] pci 0000:00:18.1: bridge window [io  0x1000-0x0fff] to [bus 1c] add_size 1000
[Sun Jun 18 16:15:48 2023] pci 0000:00:18.2: bridge window [io  0x1000-0x0fff] to [bus 1d] add_size 1000
[Sun Jun 18 16:15:48 2023] pci 0000:00:18.3: bridge window [io  0x1000-0x0fff] to [bus 1e] add_size 1000
[Sun Jun 18 16:15:48 2023] pci 0000:00:18.4: bridge window [io  0x1000-0x0fff] to [bus 1f] add_size 1000
[Sun Jun 18 16:15:48 2023] pci 0000:00:18.5: bridge window [io  0x1000-0x0fff] to [bus 20] add_size 1000
[Sun Jun 18 16:15:48 2023] pci 0000:00:18.6: bridge window [io  0x1000-0x0fff] to [bus 21] add_size 1000
[Sun Jun 18 16:15:48 2023] pci 0000:00:18.7: bridge window [io  0x1000-0x0fff] to [bus 22] add_size 1000
[Sun Jun 18 16:15:48 2023] clipped [mem size 0x00000000 64bit] to [mem size 0xfffffffffffc4000 64bit] for e820 entry [mem 0x000c0000-0x000fffff]
[Sun Jun 18 16:15:48 2023] clipped [mem size 0x00000000 64bit] to [mem size 0xfffffffffffd4000 64bit] for e820 entry [mem 0x000c0000-0x000fffff]
[Sun Jun 18 16:15:48 2023] clipped [mem size 0x00000000 64bit] to [mem size 0xfffffffffffe4000 64bit] for e820 entry [mem 0x000c0000-0x000fffff]
[Sun Jun 18 16:15:48 2023] clipped [mem size 0x00008000 64bit] to [mem size 0xfffffffffffcc000 64bit] for e820 entry [mem 0x000c0000-0x000fffff]
[Sun Jun 18 16:15:48 2023] clipped [mem size 0x00008000 64bit] to [mem size 0xfffffffffffdc000 64bit] for e820 entry [mem 0x000c0000-0x000fffff]
[Sun Jun 18 16:15:48 2023] clipped [mem size 0x0000c000 64bit] to [mem size 0xffffffffffff0000 64bit] for e820 entry [mem 0x000c0000-0x000fffff]
[Sun Jun 18 16:15:48 2023] pci 0000:00:07.7: BAR 1: assigned [mem 0xc0000000-0xc003ffff 64bit]
[Sun Jun 18 16:15:48 2023] clipped [mem size 0x00008000 pref] to [mem size 0xfffffffffffcc000 pref] for e820 entry [mem 0x000c0000-0x000fffff]
[Sun Jun 18 16:15:48 2023] clipped [mem size 0x00008000 pref] to [mem size 0xfffffffffffdc000 pref] for e820 entry [mem 0x000c0000-0x000fffff]
[Sun Jun 18 16:15:48 2023] clipped [mem size 0x0000c000 pref] to [mem size 0xffffffffffff0000 pref] for e820 entry [mem 0x000c0000-0x000fffff]
[Sun Jun 18 16:15:48 2023] pci 0000:00:10.0: BAR 6: assigned [mem 0xc0040000-0xc0043fff pref]
[Sun Jun 18 16:15:48 2023] pci 0000:00:15.0: BAR 13: assigned [io  0x3000-0x3fff]
[Sun Jun 18 16:15:48 2023] pci 0000:00:15.1: BAR 13: assigned [io  0x4000-0x4fff]
[Sun Jun 18 16:15:48 2023] pci 0000:00:15.2: BAR 13: assigned [io  0x6000-0x6fff]
[Sun Jun 18 16:15:48 2023] pci 0000:00:15.3: BAR 13: assigned [io  0x7000-0x7fff]
[Sun Jun 18 16:15:48 2023] pci 0000:00:15.4: BAR 13: assigned [io  0x8000-0x8fff]
[Sun Jun 18 16:15:48 2023] pci 0000:00:15.5: BAR 13: assigned [io  0x9000-0x9fff]
[Sun Jun 18 16:15:48 2023] pci 0000:00:15.6: BAR 13: assigned [io  0xa000-0xafff]
[Sun Jun 18 16:15:48 2023] pci 0000:00:15.7: BAR 13: assigned [io  0xb000-0xbfff]
[Sun Jun 18 16:15:48 2023] pci 0000:00:16.0: BAR 13: assigned [io  0xc000-0xcfff]
[Sun Jun 18 16:15:48 2023] pci 0000:00:16.1: BAR 13: assigned [io  0xd000-0xdfff]
[Sun Jun 18 16:15:48 2023] pci 0000:00:16.2: BAR 13: assigned [io  0xe000-0xefff]
[Sun Jun 18 16:15:48 2023] pci 0000:00:16.3: BAR 13: assigned [io  0xf000-0xffff]
[Sun Jun 18 16:15:48 2023] pci 0000:00:16.4: BAR 13: no space for [io  size 0x1000]
[Sun Jun 18 16:15:48 2023] pci 0000:00:16.4: BAR 13: failed to assign [io  size 0x1000]
[Sun Jun 18 16:15:48 2023] pci 0000:00:16.5: BAR 13: no space for [io  size 0x1000]
[Sun Jun 18 16:15:48 2023] pci 0000:00:16.5: BAR 13: failed to assign [io  size 0x1000]
[Sun Jun 18 16:15:48 2023] pci 0000:00:16.6: BAR 13: no space for [io  size 0x1000]
[Sun Jun 18 16:15:48 2023] pci 0000:00:16.6: BAR 13: failed to assign [io  size 0x1000]
[Sun Jun 18 16:15:48 2023] pci 0000:00:16.7: BAR 13: no space for [io  size 0x1000]
[Sun Jun 18 16:15:48 2023] pci 0000:00:16.7: BAR 13: failed to assign [io  size 0x1000]
[Sun Jun 18 16:15:48 2023] pci 0000:00:17.0: BAR 13: no space for [io  size 0x1000]
[Sun Jun 18 16:15:48 2023] pci 0000:00:17.0: BAR 13: failed to assign [io  size 0x1000]
[Sun Jun 18 16:15:48 2023] pci 0000:00:17.1: BAR 13: no space for [io  size 0x1000]
[Sun Jun 18 16:15:48 2023] pci 0000:00:17.1: BAR 13: failed to assign [io  size 0x1000]
[Sun Jun 18 16:15:48 2023] pci 0000:00:17.2: BAR 13: no space for [io  size 0x1000]
[Sun Jun 18 16:15:48 2023] pci 0000:00:17.2: BAR 13: failed to assign [io  size 0x1000]
[Sun Jun 18 16:15:48 2023] pci 0000:00:17.3: BAR 13: no space for [io  size 0x1000]
[Sun Jun 18 16:15:48 2023] pci 0000:00:17.3: BAR 13: failed to assign [io  size 0x1000]
[Sun Jun 18 16:15:48 2023] pci 0000:00:17.4: BAR 13: no space for [io  size 0x1000]
[Sun Jun 18 16:15:48 2023] pci 0000:00:17.4: BAR 13: failed to assign [io  size 0x1000]
[Sun Jun 18 16:15:48 2023] pci 0000:00:17.5: BAR 13: no space for [io  size 0x1000]
[Sun Jun 18 16:15:48 2023] pci 0000:00:17.5: BAR 13: failed to assign [io  size 0x1000]
[Sun Jun 18 16:15:48 2023] pci 0000:00:17.6: BAR 13: no space for [io  size 0x1000]
[Sun Jun 18 16:15:48 2023] pci 0000:00:17.6: BAR 13: failed to assign [io  size 0x1000]
[Sun Jun 18 16:15:48 2023] pci 0000:00:17.7: BAR 13: no space for [io  size 0x1000]
[Sun Jun 18 16:15:48 2023] pci 0000:00:17.7: BAR 13: failed to assign [io  size 0x1000]
[Sun Jun 18 16:15:48 2023] pci 0000:00:18.0: BAR 13: no space for [io  size 0x1000]
[Sun Jun 18 16:15:48 2023] pci 0000:00:18.0: BAR 13: failed to assign [io  size 0x1000]
[Sun Jun 18 16:15:48 2023] pci 0000:00:18.1: BAR 13: no space for [io  size 0x1000]
[Sun Jun 18 16:15:48 2023] pci 0000:00:18.1: BAR 13: failed to assign [io  size 0x1000]
[Sun Jun 18 16:15:48 2023] pci 0000:00:18.2: BAR 13: no space for [io  size 0x1000]
[Sun Jun 18 16:15:48 2023] pci 0000:00:18.2: BAR 13: failed to assign [io  size 0x1000]
[Sun Jun 18 16:15:48 2023] pci 0000:00:18.3: BAR 13: no space for [io  size 0x1000]
[Sun Jun 18 16:15:48 2023] pci 0000:00:18.3: BAR 13: failed to assign [io  size 0x1000]
[Sun Jun 18 16:15:48 2023] pci 0000:00:18.4: BAR 13: no space for [io  size 0x1000]
[Sun Jun 18 16:15:48 2023] pci 0000:00:18.4: BAR 13: failed to assign [io  size 0x1000]
[Sun Jun 18 16:15:48 2023] pci 0000:00:18.5: BAR 13: no space for [io  size 0x1000]
[Sun Jun 18 16:15:48 2023] pci 0000:00:18.5: BAR 13: failed to assign [io  size 0x1000]
[Sun Jun 18 16:15:48 2023] pci 0000:00:18.6: BAR 13: no space for [io  size 0x1000]
[Sun Jun 18 16:15:48 2023] pci 0000:00:18.6: BAR 13: failed to assign [io  size 0x1000]
[Sun Jun 18 16:15:48 2023] pci 0000:00:18.7: BAR 13: no space for [io  size 0x1000]
[Sun Jun 18 16:15:48 2023] pci 0000:00:18.7: BAR 13: failed to assign [io  size 0x1000]
[Sun Jun 18 16:15:48 2023] pci 0000:00:07.7: BAR 0: assigned [io  0x2400-0x243f]
[Sun Jun 18 16:15:48 2023] pci 0000:00:07.7: BAR 0: assigned [io  0x2400-0x243f]
[Sun Jun 18 16:15:48 2023] pci 0000:00:18.7: BAR 13: assigned [io  0x3000-0x3fff]
[Sun Jun 18 16:15:48 2023] pci 0000:00:18.6: BAR 13: assigned [io  0x4000-0x4fff]
[Sun Jun 18 16:15:48 2023] pci 0000:00:18.5: BAR 13: assigned [io  0x6000-0x6fff]
[Sun Jun 18 16:15:48 2023] pci 0000:00:18.4: BAR 13: assigned [io  0x7000-0x7fff]
[Sun Jun 18 16:15:48 2023] pci 0000:00:18.3: BAR 13: assigned [io  0x8000-0x8fff]
[Sun Jun 18 16:15:48 2023] pci 0000:00:18.2: BAR 13: assigned [io  0x9000-0x9fff]
[Sun Jun 18 16:15:48 2023] pci 0000:00:18.1: BAR 13: assigned [io  0xa000-0xafff]
[Sun Jun 18 16:15:48 2023] pci 0000:00:18.0: BAR 13: assigned [io  0xb000-0xbfff]
[Sun Jun 18 16:15:48 2023] pci 0000:00:17.7: BAR 13: assigned [io  0xc000-0xcfff]
[Sun Jun 18 16:15:48 2023] pci 0000:00:17.6: BAR 13: assigned [io  0xd000-0xdfff]
[Sun Jun 18 16:15:48 2023] pci 0000:00:17.5: BAR 13: assigned [io  0xe000-0xefff]
[Sun Jun 18 16:15:48 2023] pci 0000:00:17.4: BAR 13: assigned [io  0xf000-0xffff]
[Sun Jun 18 16:15:48 2023] pci 0000:00:17.3: BAR 13: no space for [io  size 0x1000]
[Sun Jun 18 16:15:48 2023] pci 0000:00:17.3: BAR 13: failed to assign [io  size 0x1000]
[Sun Jun 18 16:15:48 2023] pci 0000:00:17.2: BAR 13: no space for [io  size 0x1000]
[Sun Jun 18 16:15:48 2023] pci 0000:00:17.2: BAR 13: failed to assign [io  size 0x1000]
[Sun Jun 18 16:15:48 2023] pci 0000:00:17.1: BAR 13: no space for [io  size 0x1000]
[Sun Jun 18 16:15:48 2023] pci 0000:00:17.1: BAR 13: failed to assign [io  size 0x1000]
[Sun Jun 18 16:15:48 2023] pci 0000:00:17.0: BAR 13: no space for [io  size 0x1000]
[Sun Jun 18 16:15:48 2023] pci 0000:00:17.0: BAR 13: failed to assign [io  size 0x1000]
[Sun Jun 18 16:15:48 2023] pci 0000:00:16.7: BAR 13: no space for [io  size 0x1000]
[Sun Jun 18 16:15:48 2023] pci 0000:00:16.7: BAR 13: failed to assign [io  size 0x1000]
[Sun Jun 18 16:15:48 2023] pci 0000:00:16.6: BAR 13: no space for [io  size 0x1000]
[Sun Jun 18 16:15:48 2023] pci 0000:00:16.6: BAR 13: failed to assign [io  size 0x1000]
[Sun Jun 18 16:15:48 2023] pci 0000:00:16.5: BAR 13: no space for [io  size 0x1000]
[Sun Jun 18 16:15:48 2023] pci 0000:00:16.5: BAR 13: failed to assign [io  size 0x1000]
[Sun Jun 18 16:15:48 2023] pci 0000:00:16.4: BAR 13: no space for [io  size 0x1000]
[Sun Jun 18 16:15:48 2023] pci 0000:00:16.4: BAR 13: failed to assign [io  size 0x1000]
[Sun Jun 18 16:15:48 2023] pci 0000:00:16.3: BAR 13: no space for [io  size 0x1000]
[Sun Jun 18 16:15:48 2023] pci 0000:00:16.3: BAR 13: failed to assign [io  size 0x1000]
[Sun Jun 18 16:15:48 2023] pci 0000:00:16.2: BAR 13: no space for [io  size 0x1000]
[Sun Jun 18 16:15:48 2023] pci 0000:00:16.2: BAR 13: failed to assign [io  size 0x1000]
[Sun Jun 18 16:15:48 2023] pci 0000:00:16.1: BAR 13: no space for [io  size 0x1000]
[Sun Jun 18 16:15:48 2023] pci 0000:00:16.1: BAR 13: failed to assign [io  size 0x1000]
[Sun Jun 18 16:15:48 2023] pci 0000:00:16.0: BAR 13: no space for [io  size 0x1000]
[Sun Jun 18 16:15:48 2023] pci 0000:00:16.0: BAR 13: failed to assign [io  size 0x1000]
[Sun Jun 18 16:15:48 2023] pci 0000:00:15.7: BAR 13: no space for [io  size 0x1000]
[Sun Jun 18 16:15:48 2023] pci 0000:00:15.7: BAR 13: failed to assign [io  size 0x1000]
[Sun Jun 18 16:15:48 2023] pci 0000:00:15.6: BAR 13: no space for [io  size 0x1000]
[Sun Jun 18 16:15:48 2023] pci 0000:00:15.6: BAR 13: failed to assign [io  size 0x1000]
[Sun Jun 18 16:15:48 2023] pci 0000:00:15.5: BAR 13: no space for [io  size 0x1000]
[Sun Jun 18 16:15:48 2023] pci 0000:00:15.5: BAR 13: failed to assign [io  size 0x1000]
[Sun Jun 18 16:15:48 2023] pci 0000:00:15.4: BAR 13: no space for [io  size 0x1000]
[Sun Jun 18 16:15:48 2023] pci 0000:00:15.4: BAR 13: failed to assign [io  size 0x1000]
[Sun Jun 18 16:15:48 2023] pci 0000:00:15.3: BAR 13: no space for [io  size 0x1000]
[Sun Jun 18 16:15:48 2023] pci 0000:00:15.3: BAR 13: failed to assign [io  size 0x1000]
[Sun Jun 18 16:15:48 2023] pci 0000:00:15.2: BAR 13: no space for [io  size 0x1000]
[Sun Jun 18 16:15:48 2023] pci 0000:00:15.2: BAR 13: failed to assign [io  size 0x1000]
[Sun Jun 18 16:15:48 2023] pci 0000:00:15.1: BAR 13: no space for [io  size 0x1000]
[Sun Jun 18 16:15:48 2023] pci 0000:00:15.1: BAR 13: failed to assign [io  size 0x1000]
[Sun Jun 18 16:15:48 2023] pci 0000:00:15.0: BAR 13: no space for [io  size 0x1000]
[Sun Jun 18 16:15:48 2023] pci 0000:00:15.0: BAR 13: failed to assign [io  size 0x1000]
[Sun Jun 18 16:15:48 2023] pci 0000:00:01.0: PCI bridge to [bus 01]
[Sun Jun 18 16:15:48 2023] pci 0000:02:01.0: BAR 6: assigned [mem 0xfc030000-0xfc03ffff pref]
[Sun Jun 18 16:15:48 2023] pci 0000:02:04.0: BAR 6: assigned [mem 0xfc040000-0xfc04ffff pref]
[Sun Jun 18 16:15:48 2023] pci 0000:00:11.0: PCI bridge to [bus 02]
[Sun Jun 18 16:15:48 2023] pci 0000:00:11.0:   bridge window [io  0x1000-0x1fff]
[Sun Jun 18 16:15:48 2023] pci 0000:00:11.0:   bridge window [mem 0xfc000000-0xfc9fffff]
[Sun Jun 18 16:15:48 2023] pci 0000:00:11.0:   bridge window [mem 0xf8000000-0xf84fffff 64bit pref]
[Sun Jun 18 16:15:48 2023] pci 0000:00:15.0: PCI bridge to [bus 03]
[Sun Jun 18 16:15:48 2023] pci 0000:00:15.0:   bridge window [mem 0xfea00000-0xfeafffff]
[Sun Jun 18 16:15:48 2023] pci 0000:00:15.0:   bridge window [mem 0xfa400000-0xfa4fffff 64bit pref]
[Sun Jun 18 16:15:48 2023] pci 0000:00:15.1: PCI bridge to [bus 04]
[Sun Jun 18 16:15:48 2023] pci 0000:00:15.1:   bridge window [mem 0xfe900000-0xfe9fffff]
[Sun Jun 18 16:15:48 2023] pci 0000:00:15.1:   bridge window [mem 0xfa300000-0xfa3fffff 64bit pref]
[Sun Jun 18 16:15:48 2023] pci 0000:00:15.2: PCI bridge to [bus 05]
[Sun Jun 18 16:15:48 2023] pci 0000:00:15.2:   bridge window [mem 0xfe800000-0xfe8fffff]
[Sun Jun 18 16:15:48 2023] pci 0000:00:15.2:   bridge window [mem 0xfa200000-0xfa2fffff 64bit pref]
[Sun Jun 18 16:15:48 2023] pci 0000:00:15.3: PCI bridge to [bus 06]
[Sun Jun 18 16:15:48 2023] pci 0000:00:15.3:   bridge window [mem 0xfe700000-0xfe7fffff]
[Sun Jun 18 16:15:48 2023] pci 0000:00:15.3:   bridge window [mem 0xfa100000-0xfa1fffff 64bit pref]
[Sun Jun 18 16:15:48 2023] pci 0000:00:15.4: PCI bridge to [bus 07]
[Sun Jun 18 16:15:48 2023] pci 0000:00:15.4:   bridge window [mem 0xfe600000-0xfe6fffff]
[Sun Jun 18 16:15:48 2023] pci 0000:00:15.4:   bridge window [mem 0xfa000000-0xfa0fffff 64bit pref]
[Sun Jun 18 16:15:48 2023] pci 0000:00:15.5: PCI bridge to [bus 08]
[Sun Jun 18 16:15:48 2023] pci 0000:00:15.5:   bridge window [mem 0xfe500000-0xfe5fffff]
[Sun Jun 18 16:15:48 2023] pci 0000:00:15.5:   bridge window [mem 0xf9f00000-0xf9ffffff 64bit pref]
[Sun Jun 18 16:15:48 2023] pci 0000:00:15.6: PCI bridge to [bus 09]
[Sun Jun 18 16:15:48 2023] pci 0000:00:15.6:   bridge window [mem 0xfe400000-0xfe4fffff]
[Sun Jun 18 16:15:48 2023] pci 0000:00:15.6:   bridge window [mem 0xf9e00000-0xf9efffff 64bit pref]
[Sun Jun 18 16:15:48 2023] pci 0000:00:15.7: PCI bridge to [bus 0a]
[Sun Jun 18 16:15:48 2023] pci 0000:00:15.7:   bridge window [mem 0xfe300000-0xfe3fffff]
[Sun Jun 18 16:15:48 2023] pci 0000:00:15.7:   bridge window [mem 0xf9d00000-0xf9dfffff 64bit pref]
[Sun Jun 18 16:15:48 2023] pci 0000:00:16.0: PCI bridge to [bus 0b]
[Sun Jun 18 16:15:48 2023] pci 0000:00:16.0:   bridge window [mem 0xfe200000-0xfe2fffff]
[Sun Jun 18 16:15:48 2023] pci 0000:00:16.0:   bridge window [mem 0xf9c00000-0xf9cfffff 64bit pref]
[Sun Jun 18 16:15:48 2023] pci 0000:00:16.1: PCI bridge to [bus 0c]
[Sun Jun 18 16:15:48 2023] pci 0000:00:16.1:   bridge window [mem 0xfe100000-0xfe1fffff]
[Sun Jun 18 16:15:48 2023] pci 0000:00:16.1:   bridge window [mem 0xf9b00000-0xf9bfffff 64bit pref]
[Sun Jun 18 16:15:48 2023] pci 0000:00:16.2: PCI bridge to [bus 0d]
[Sun Jun 18 16:15:48 2023] pci 0000:00:16.2:   bridge window [mem 0xfe000000-0xfe0fffff]
[Sun Jun 18 16:15:48 2023] pci 0000:00:16.2:   bridge window [mem 0xf9a00000-0xf9afffff 64bit pref]
[Sun Jun 18 16:15:48 2023] pci 0000:00:16.3: PCI bridge to [bus 0e]
[Sun Jun 18 16:15:48 2023] pci 0000:00:16.3:   bridge window [mem 0xfdf00000-0xfdffffff]
[Sun Jun 18 16:15:48 2023] pci 0000:00:16.3:   bridge window [mem 0xf9900000-0xf99fffff 64bit pref]
[Sun Jun 18 16:15:48 2023] pci 0000:00:16.4: PCI bridge to [bus 0f]
[Sun Jun 18 16:15:48 2023] pci 0000:00:16.4:   bridge window [mem 0xfde00000-0xfdefffff]
[Sun Jun 18 16:15:48 2023] pci 0000:00:16.4:   bridge window [mem 0xf9800000-0xf98fffff 64bit pref]
[Sun Jun 18 16:15:48 2023] pci 0000:00:16.5: PCI bridge to [bus 10]
[Sun Jun 18 16:15:48 2023] pci 0000:00:16.5:   bridge window [mem 0xfdd00000-0xfddfffff]
[Sun Jun 18 16:15:48 2023] pci 0000:00:16.5:   bridge window [mem 0xf9700000-0xf97fffff 64bit pref]
[Sun Jun 18 16:15:48 2023] pci 0000:00:16.6: PCI bridge to [bus 11]
[Sun Jun 18 16:15:48 2023] pci 0000:00:16.6:   bridge window [mem 0xfdc00000-0xfdcfffff]
[Sun Jun 18 16:15:48 2023] pci 0000:00:16.6:   bridge window [mem 0xf9600000-0xf96fffff 64bit pref]
[Sun Jun 18 16:15:48 2023] pci 0000:00:16.7: PCI bridge to [bus 12]
[Sun Jun 18 16:15:48 2023] pci 0000:00:16.7:   bridge window [mem 0xfdb00000-0xfdbfffff]
[Sun Jun 18 16:15:48 2023] pci 0000:00:16.7:   bridge window [mem 0xf9500000-0xf95fffff 64bit pref]
[Sun Jun 18 16:15:48 2023] pci 0000:00:17.0: PCI bridge to [bus 13]
[Sun Jun 18 16:15:48 2023] pci 0000:00:17.0:   bridge window [mem 0xfda00000-0xfdafffff]
[Sun Jun 18 16:15:48 2023] pci 0000:00:17.0:   bridge window [mem 0xf9400000-0xf94fffff 64bit pref]
[Sun Jun 18 16:15:48 2023] pci 0000:00:17.1: PCI bridge to [bus 14]
[Sun Jun 18 16:15:48 2023] pci 0000:00:17.1:   bridge window [mem 0xfd900000-0xfd9fffff]
[Sun Jun 18 16:15:48 2023] pci 0000:00:17.1:   bridge window [mem 0xf9300000-0xf93fffff 64bit pref]
[Sun Jun 18 16:15:48 2023] pci 0000:00:17.2: PCI bridge to [bus 15]
[Sun Jun 18 16:15:48 2023] pci 0000:00:17.2:   bridge window [mem 0xfd800000-0xfd8fffff]
[Sun Jun 18 16:15:48 2023] pci 0000:00:17.2:   bridge window [mem 0xf9200000-0xf92fffff 64bit pref]
[Sun Jun 18 16:15:48 2023] pci 0000:00:17.3: PCI bridge to [bus 16]
[Sun Jun 18 16:15:48 2023] pci 0000:00:17.3:   bridge window [mem 0xfd700000-0xfd7fffff]
[Sun Jun 18 16:15:48 2023] pci 0000:00:17.3:   bridge window [mem 0xf9100000-0xf91fffff 64bit pref]
[Sun Jun 18 16:15:48 2023] pci 0000:00:17.4: PCI bridge to [bus 17]
[Sun Jun 18 16:15:48 2023] pci 0000:00:17.4:   bridge window [io  0xf000-0xffff]
[Sun Jun 18 16:15:48 2023] pci 0000:00:17.4:   bridge window [mem 0xfd600000-0xfd6fffff]
[Sun Jun 18 16:15:48 2023] pci 0000:00:17.4:   bridge window [mem 0xf9000000-0xf90fffff 64bit pref]
[Sun Jun 18 16:15:48 2023] pci 0000:00:17.5: PCI bridge to [bus 18]
[Sun Jun 18 16:15:48 2023] pci 0000:00:17.5:   bridge window [io  0xe000-0xefff]
[Sun Jun 18 16:15:48 2023] pci 0000:00:17.5:   bridge window [mem 0xfd500000-0xfd5fffff]
[Sun Jun 18 16:15:48 2023] pci 0000:00:17.5:   bridge window [mem 0xf8f00000-0xf8ffffff 64bit pref]
[Sun Jun 18 16:15:48 2023] pci 0000:00:17.6: PCI bridge to [bus 19]
[Sun Jun 18 16:15:48 2023] pci 0000:00:17.6:   bridge window [io  0xd000-0xdfff]
[Sun Jun 18 16:15:48 2023] pci 0000:00:17.6:   bridge window [mem 0xfd400000-0xfd4fffff]
[Sun Jun 18 16:15:48 2023] pci 0000:00:17.6:   bridge window [mem 0xf8e00000-0xf8efffff 64bit pref]
[Sun Jun 18 16:15:48 2023] pci 0000:00:17.7: PCI bridge to [bus 1a]
[Sun Jun 18 16:15:48 2023] pci 0000:00:17.7:   bridge window [io  0xc000-0xcfff]
[Sun Jun 18 16:15:48 2023] pci 0000:00:17.7:   bridge window [mem 0xfd300000-0xfd3fffff]
[Sun Jun 18 16:15:48 2023] pci 0000:00:17.7:   bridge window [mem 0xf8d00000-0xf8dfffff 64bit pref]
[Sun Jun 18 16:15:48 2023] pci 0000:00:18.0: PCI bridge to [bus 1b]
[Sun Jun 18 16:15:48 2023] pci 0000:00:18.0:   bridge window [io  0xb000-0xbfff]
[Sun Jun 18 16:15:48 2023] pci 0000:00:18.0:   bridge window [mem 0xfd200000-0xfd2fffff]
[Sun Jun 18 16:15:48 2023] pci 0000:00:18.0:   bridge window [mem 0xf8c00000-0xf8cfffff 64bit pref]
[Sun Jun 18 16:15:48 2023] pci 0000:00:18.1: PCI bridge to [bus 1c]
[Sun Jun 18 16:15:48 2023] pci 0000:00:18.1:   bridge window [io  0xa000-0xafff]
[Sun Jun 18 16:15:48 2023] pci 0000:00:18.1:   bridge window [mem 0xfd100000-0xfd1fffff]
[Sun Jun 18 16:15:48 2023] pci 0000:00:18.1:   bridge window [mem 0xf8b00000-0xf8bfffff 64bit pref]
[Sun Jun 18 16:15:48 2023] pci 0000:00:18.2: PCI bridge to [bus 1d]
[Sun Jun 18 16:15:48 2023] pci 0000:00:18.2:   bridge window [io  0x9000-0x9fff]
[Sun Jun 18 16:15:48 2023] pci 0000:00:18.2:   bridge window [mem 0xfd000000-0xfd0fffff]
[Sun Jun 18 16:15:48 2023] pci 0000:00:18.2:   bridge window [mem 0xf8a00000-0xf8afffff 64bit pref]
[Sun Jun 18 16:15:48 2023] pci 0000:00:18.3: PCI bridge to [bus 1e]
[Sun Jun 18 16:15:48 2023] pci 0000:00:18.3:   bridge window [io  0x8000-0x8fff]
[Sun Jun 18 16:15:48 2023] pci 0000:00:18.3:   bridge window [mem 0xfcf00000-0xfcffffff]
[Sun Jun 18 16:15:48 2023] pci 0000:00:18.3:   bridge window [mem 0xf8900000-0xf89fffff 64bit pref]
[Sun Jun 18 16:15:48 2023] pci 0000:00:18.4: PCI bridge to [bus 1f]
[Sun Jun 18 16:15:48 2023] pci 0000:00:18.4:   bridge window [io  0x7000-0x7fff]
[Sun Jun 18 16:15:48 2023] pci 0000:00:18.4:   bridge window [mem 0xfce00000-0xfcefffff]
[Sun Jun 18 16:15:48 2023] pci 0000:00:18.4:   bridge window [mem 0xf8800000-0xf88fffff 64bit pref]
[Sun Jun 18 16:15:48 2023] pci 0000:00:18.5: PCI bridge to [bus 20]
[Sun Jun 18 16:15:48 2023] pci 0000:00:18.5:   bridge window [io  0x6000-0x6fff]
[Sun Jun 18 16:15:48 2023] pci 0000:00:18.5:   bridge window [mem 0xfcd00000-0xfcdfffff]
[Sun Jun 18 16:15:48 2023] pci 0000:00:18.5:   bridge window [mem 0xf8700000-0xf87fffff 64bit pref]
[Sun Jun 18 16:15:48 2023] pci 0000:00:18.6: PCI bridge to [bus 21]
[Sun Jun 18 16:15:48 2023] pci 0000:00:18.6:   bridge window [io  0x4000-0x4fff]
[Sun Jun 18 16:15:48 2023] pci 0000:00:18.6:   bridge window [mem 0xfcc00000-0xfccfffff]
[Sun Jun 18 16:15:48 2023] pci 0000:00:18.6:   bridge window [mem 0xf8600000-0xf86fffff 64bit pref]
[Sun Jun 18 16:15:48 2023] pci 0000:00:18.7: PCI bridge to [bus 22]
[Sun Jun 18 16:15:48 2023] pci 0000:00:18.7:   bridge window [io  0x3000-0x3fff]
[Sun Jun 18 16:15:48 2023] pci 0000:00:18.7:   bridge window [mem 0xfcb00000-0xfcbfffff]
[Sun Jun 18 16:15:48 2023] pci 0000:00:18.7:   bridge window [mem 0xf8500000-0xf85fffff 64bit pref]
[Sun Jun 18 16:15:48 2023] pci_bus 0000:00: resource 4 [io  0x0000-0x0cf7 window]
[Sun Jun 18 16:15:48 2023] pci_bus 0000:00: resource 5 [io  0x0d00-0xffff window]
[Sun Jun 18 16:15:48 2023] pci_bus 0000:00: resource 6 [mem 0x000a0000-0x000bffff window]
[Sun Jun 18 16:15:48 2023] pci_bus 0000:00: resource 7 [mem 0x000c4000-0x000cbfff window]
[Sun Jun 18 16:15:48 2023] pci_bus 0000:00: resource 8 [mem 0x000d4000-0x000dbfff window]
[Sun Jun 18 16:15:48 2023] pci_bus 0000:00: resource 9 [mem 0x000e4000-0x000effff window]
[Sun Jun 18 16:15:48 2023] pci_bus 0000:00: resource 10 [mem 0xc0000000-0xefffffff window]
